time = 0.0
Ports*************

Electric Ports

Fluid Ports
FSE        FNi         W:30.0        Tt:506.0000    Pt:43.50000    FAR:0.0         MN:0.0         Ts:0.0         Ps:0.0       
FSE        FNo         W:30.0        Tt:506.0000    Pt:43.5        FAR:0.0         MN:0.0         Ts:0.0         Ps:0.0       
Comp       FNi         W:30.0        Tt:506.0000    Pt:43.5        FAR:0.0         MN:0.0         Ts:0.0         Ps:0.0       
Comp       FNideal     W:30.0        Tt:633.6277    Pt:279.6428    FAR:0.0         MN:0.0         Ts:0.0         Ps:0.0       
Comp       FNo         W:30.0        Tt:640.7160    Pt:279.6428    FAR:0.0         MN:0.0         Ts:0.0         Ps:0.0       
Comp       FNoBld1     W:0.0         Tt:506.0000    Pt:43.5        FAR:0.0         MN:0.0         Ts:0.0         Ps:0.0       
Comp       FNoBld2     W:0.0         Tt:506.0000    Pt:43.5        FAR:0.0         MN:0.0         Ts:0.0         Ps:0.0       
Condesor   FNi         W:30.0        Tt:640.7160    Pt:279.6428    FAR:0.0         MN:0.0         Ts:0.0         Ps:0.0       
Condesor   FNo         W:30.0        Tt:610.2420    Pt:279.6428    FAR:0.0         MN:0.0         Ts:0.0         Ps:0.0       
Condesor   FNobld      W:0.0         Tt:640.7160    Pt:279.6428    FAR:0.0         MN:0.0         Ts:0.0         Ps:0.0       
Valve      FNi         W:30.0        Tt:610.2420    Pt:279.6428    FAR:0.0         MN:0.0         Ts:0.0         Ps:0.0       
Valve      FNo         W:30.0        Tt:492.8667    Pt:43.50000    FAR:0.0         MN:0.0         Ts:0.0         Ps:0.0       
Valve      FNobld      W:0.0         Tt:610.2420    Pt:279.6428    FAR:0.0         MN:0.0         Ts:0.0         Ps:0.0       
Evap       FNi         W:30.0        Tt:492.8667    Pt:43.50000    FAR:0.0         MN:0.0         Ts:0.0         Ps:0.0       
Evap       FNo         W:30.0        Tt:506.0000    Pt:43.50000    FAR:0.0         MN:0.0         Ts:0.0         Ps:0.0       
Evap       FNobld      W:0.0         Tt:492.8667    Pt:43.50000    FAR:0.0         MN:0.0         Ts:0.0         Ps:0.0       

Mech Ports
Comp       MP          N:6000.0      hp:-825.218    I:0.0       

Elements**********

FSE FlowStart
  Pt         43.5     lbm/in2  Pressure
  ht         174.3427 Btu/lbm  Specfic enthalpy
  W          30.0     lbm/sec  Weight flow
Comp Compressor
  eff        0.89     none     Efficiency
  effDes     0.89     none     Design efficiency
  effMap     0.943333 none     Efficiency read from table
  effScale   0.943462 none     Scalar on efficiency map
  hfract1    0.0      BTU/lbm  Enthalpy fraction that determines how down the compressor the bleed is taken
  hfract2    0.0      BTU/lbm  Enthalpy fraction that determines how down the compressor the bleed is taken
  Nc         266.7325 RPM/R**.5 Corrected speed
  NcMap      0.9      RPM/R**.5 Corrected speed used to read the map
  NcMapDes   0.9      RPM/R**.5 Design point corrected speed
  NcScale    0.003374 none     Scalar on corrected speed
  PR         6.428571 none     Pressure ratio
  PRdes      6.428571 none     Design pressure ratio
  PRmap      13.32733 none     Pressure ratio read from table
  PRscale    0.482359 none     Scalar on pressure ratio map
  Rline      2.0      none     Current R-line
  RlineDes   2.0      none     Design point R-line
  SMN        0.0      none     stall margin based on corrected speed
  Wc         15.51340 lbm/sec  Corrected flow
  WcDes      15.51340 lbm/sec  Design corrected flow
  WcMap      15.51340 lbm/sec  Map corrected flow
  WcScale    0.258497 none     Scalar on corrected flow
  Wfrac1     0.0      none     Weight flow fraction for bleed flow 1
  Wfrac2     0.0      none     Weight flow fraction for bleed flow 2
Condesor Duct
  dP         0.0      none     Pressure loss (fractional)
  Q          -1083.38 BTU      Heat added to the duct
  Wbldfrac   0.0               Bleed flow fraction
Valve Duct
  dP         0.844444 none     Pressure loss (fractional)
  Q          0.0      BTU      Heat added to the duct
  Wbldfrac   0.0               Bleed flow fraction
Evap Duct
  dP         0.0      none     Pressure loss (fractional)
  Q          500.0    BTU      Heat added to the duct
  Wbldfrac   0.0               Bleed flow fraction
