************************************************************************************************

time = 0.0

******************
Ports*************
******************


Electric Ports
R           EPi         Vr:49.53311    Vi:43.40041    Ir:-0.10538    Ii:-0.09234    
R           EPo         Vr:0.0         Vi:0.0         Ir:0.105389    Ii:0.092341    
C1          EPi         Vr:120.0       Vi:0.0         Ir:-0.07689    Ii:-0.12485    
C1          EPo         Vr:49.53311    Vi:43.40041    Ir:0.076899    Ii:0.124857    
I1          EPi         Vr:49.53311    Vi:43.40041    Ir:0.028490    Ii:-0.03251    
I1          EPo         Vr:57.50097    Vi:50.38177    Ir:-0.02849    Ii:0.032516    
C2          EPi         Vr:57.50097    Vi:50.38177    Ir:0.028490    Ii:-0.03251    
C2          EPo         Vr:0.0         Vi:0.0         Ir:-0.02849    Ii:0.032516    
S1          C1_EPi      Vr:120.0       Vi:0.0         Ir:-0.07689    Ii:-0.12485    
E1          C1_EPo      Vr:49.53311    Vi:43.40041    Ir:0.076899    Ii:0.124857    
E1          I1_EPi      Vr:49.53311    Vi:43.40041    Ir:0.028490    Ii:-0.03251    
E1          R_EPi       Vr:49.53311    Vi:43.40041    Ir:-0.10538    Ii:-0.09234    
E2          I1_EPo      Vr:57.50097    Vi:50.38177    Ir:-0.02849    Ii:0.032516    
E2          C2_EPi      Vr:57.50097    Vi:50.38177    Ir:0.028490    Ii:-0.03251    
S2          C2_EPo      Vr:0.0         Vi:0.0         Ir:-0.02849    Ii:0.032516    
S2          R_EPo       Vr:0.0         Vi:0.0         Ir:0.105389    Ii:0.092341    

Fluid Ports

Mech Ports

******************
Elements**********
******************

Resistor    R           self:470.0  dVr:49.533  dVi:43.400  Ir:-0.1053  Ii:-0.0923  
Capacitor   C1          self:4.7e-  dVr:70.466  dVi:-43.40  Ir:-0.0768  Ii:-0.1248  
Inductor    I1          L:0.65      dVr:-7.967  dVi:-6.981  Ir:0.02849  Ii:-0.0325  
Capacitor   C2          self:1.5e-  dVr:57.500  dVi:50.381  Ir:0.02849  Ii:-0.0325  
Source      S1          Vr:120.0    Vi:0.0      
Node        E1          Vr:49.5331  Vi:43.4004  
Node        E2          Vr:57.5009  Vi:50.3817  
Source      S2          Vr:0.0      Vi:0.0      

******************
Solver************
******************

Converged:True

