 R1.R C.C
 470.0 4.529661682117293e-06
 R1.R C.C
 470.0 4.529661682117293e-06
 R1.R C.C
 470.0 4.529661682117293e-06
 R1.R C.C
 470.0 4.529661682117293e-06
 R1.R C.C
 470.0 4.529661682117293e-06
 R1.R C.C
 470.0 4.529661682117293e-06
 R1.R C.C
 470.0 4.529661682117293e-06
 R1.R C.C
 470.0 4.529661682117293e-06
 R1.R C.C
 470.0 4.529661682117293e-06
 R1.R C.C
 470.0 4.529661682117293e-06
 R1.R C.C
 470.0 4.529661682117293e-06
 R1.R C.C
 470.0 4.529661682117293e-06
 R1.R C.C
 470.0 4.531166009687748e-06
 R1.R C.C
 470.0 4.531166009687748e-06
 R1.R C.C
 470.0 4.531166009687748e-06
 R1.R C.C
 470.0 4.531166009687748e-06
 R1.R C.C
 470.0 4.531166009687748e-06
 R1.R C.C
 470.0 4.531166009687748e-06
 R1.R C.C
 470.0 4.531166009687748e-06
 R1.R C.C
 470.0 4.531166009687748e-06
 R1.R C.C
 470.0 4.531166009687748e-06
 R1.R C.C
 470.0 4.531166009687748e-06
 R1.R C.C
 470.0 4.531166009687748e-06
 R1.R C.C
 470.0 4.531166009687748e-06
 R1.R C.C
 470.0 4.531166009687748e-06
 R1.R C.C
 470.0 4.531166009687748e-06
 R1.R C.C
 470.0 4.531166009687748e-06
 R1.R C.C
 470.0 4.531166009687748e-06
 R1.R C.C
 470.0 4.531166009687748e-06
 R1.R C.C
 470.0 4.531166009687748e-06
 R1.R C.C
 470.0 4.531166009687748e-06
 R1.R C.C
 470.0 4.531166009687748e-06
 R1.R C.C
 470.0 4.531166009687748e-06
 R1.R C.C
 470.0 4.531166009687748e-06
 R1.R C.C
 470.0 4.531166009687748e-06
 R1.R C.C
 470.0 4.531166009687748e-06
 R1.R C.C
 470.0 4.531166009687748e-06
 R1.R C.C
 470.0 4.531166009687748e-06
 R1.R C.C
 470.0 4.531166009687748e-06
 R1.R C.C
 470.0 4.531166009687748e-06
 R1.R C.C
 470.0 4.531166009687748e-06
 R1.R C.C
 470.0 4.531166009687748e-06
 R1.R C.C
 470.0 4.531166009687748e-06
 R1.R C.C
 470.0 4.531166009687748e-06
 R1.R C.C
 470.0 4.531166009687748e-06
 R1.R C.C
 470.0 4.531166009687748e-06
 R1.R C.C
 470.0 4.531166009687748e-06
 R1.R C.C
 470.0 4.531166009687748e-06
 R1.R C.C
 470.0 4.531166009687748e-06
 R1.R C.C
 470.0 4.531166009687748e-06
 R1.R C.C
 470.0 4.531166009687748e-06
 R1.R C.C
 470.0 4.531166009687748e-06
 R1.R C.C
 470.0 4.531166009687748e-06
 R1.R C.C
 470.0 4.531166009687748e-06
 R1.R C.C
 470.0 4.531166009687748e-06
 R1.R C.C
 470.0 4.531166009687748e-06
 R1.R C.C
 470.0 4.531166009687748e-06
 R1.R C.C
 470.0 4.531166009687748e-06
 R1.R C.C
 470.0 4.531166009687748e-06
 R1.R C.C
 470.0 4.531166009687748e-06
 R1.R C.C
 470.0 4.529661675957306e-06
 R1.R C.C
 470.0 4.531166009687748e-06
 R1.R C.C
 470.0 4.531166009687748e-06
 R1.R C.C
 470.0 4.531166009687748e-06
 R1.R C.C
 470.0 4.529661675957306e-06
 R1.R C.C
 470.0 4.529661675957306e-06
 R1.R C.C
 470.0 4.529661675957306e-06
 R1.R C.C
 470.0 4.529661675957306e-06
 R1.R C.C
 470.0 4.529661675957306e-06
 R1.R C.C
 470.0 4.531166009687748e-06
 R1.R C.C
 470.0 4.529661675957306e-06
 R1.R C.C
 470.0 4.529661675957306e-06
 R1.R C.C
 470.0 4.529661675957306e-06
 R1.R C.C
 470.0 4.529661675957306e-06
 R1.R C.C
 470.0 4.529661675957306e-06
 R1.R C.C
 470.0 4.529661675957306e-06
 R1.R C.C
 470.0 4.529661675957306e-06
 R1.R C.C
 470.0 4.529661675957306e-06
 R1.R C.C
 470.0 4.529661675957306e-06
 R1.R C.C
 470.0 4.529661719189972e-06
 R1.R C.C
 470.0 4.529661719189972e-06
 R1.R C.C
 470.0 4.529661719189972e-06
 R1.R C.C
 470.0 4.529661719189972e-06
 R1.R C.C
 470.0 4.57544419979452e-06
 R1.R C.C
 470.0 4.57544419979452e-06
 R1.R C.C
 470.0 4.57544419979452e-06
 R1.R C.C
 470.0 4.57544419979452e-06
 R1.R C.C
 470.0 4.57544419979452e-06
 R1.R C.C
 470.0 4.57544419979452e-06
 R1.R C.C
 470.0 4.57544419979452e-06
 R1.R C.C
 470.0 4.57544419979452e-06
 R1.R C.C
 470.0 4.57544419979452e-06
 R1.R C.C
 470.0 4.57544419979452e-06
 R1.R C.C
 470.0 4.57544419979452e-06
 R1.R C.C
 470.0 4.57544419979452e-06
 R1.R C.C
 470.0 4.519999999999999e-06
 R1.R C.C
 470.0 4.519999999999999e-06
 R1.R C.C
 470.0 4.57544419979452e-06
 R1.R C.C
 470.0 4.57544419979452e-06
 R1.R C.C
 470.0 4.57544419979452e-06
 R1.R C.C
 470.0 4.57544419979452e-06
 R1.R C.C
 470.0 4.57544419979452e-06
 R1.R C.C
 470.0 4.57544419979452e-06
 R1.R C.C
 470.0 4.57544419979452e-06
 R1.R C.C
 470.0 4.57544419979452e-06
 R1.R C.C
 470.0 4.57544419979452e-06
 R1.R C.C
 470.0 4.57544419979452e-06
 R1.R C.C
 470.0 4.57544419979452e-06
 R1.R C.C
 470.0 4.57544419979452e-06
 R1.R C.C
 470.0 4.57544419979452e-06
 R1.R C.C
 470.0 4.57544419979452e-06
 R1.R C.C
 470.0 4.57544419979452e-06
 R1.R C.C
 470.0 4.57544419979452e-06
 R1.R C.C
 470.0 4.57544419979452e-06
 R1.R C.C
 470.0 4.57544419979452e-06
 R1.R C.C
 470.0 4.57544419979452e-06
 R1.R C.C
 470.0 4.57544419979452e-06
 R1.R C.C
 470.0 4.57544419979452e-06
 R1.R C.C
 470.0 4.57544419979452e-06
 R1.R C.C
 470.0 4.57544419979452e-06
 R1.R C.C
 470.0 4.57544419979452e-06
 R1.R C.C
 470.0 4.57544419979452e-06
 R1.R C.C
 470.0 4.57544419979452e-06
 R1.R C.C
 470.0 4.57544419979452e-06
 R1.R C.C
 470.0 4.57544419979452e-06
 R1.R C.C
 470.0 4.57544419979452e-06
 R1.R C.C
 470.0 4.57544419979452e-06
 R1.R C.C
 470.0 4.57544419979452e-06
 R1.R C.C
 470.0 4.57544419979452e-06
 R1.R C.C
 470.0 4.57544419979452e-06
 R1.R C.C
 470.0 4.57544419979452e-06
 R1.R C.C
 470.0 4.57544419979452e-06
 R1.R C.C
 470.0 4.57544419979452e-06
 R1.R C.C
 470.0 4.57544419979452e-06
 R1.R C.C
 470.0 4.57544419979452e-06
 470.0 4.57544419979452e-06
 470.0 4.57544419979452e-06
 470.0 4.57544419979452e-06
 R1.R C.C
 470.0 4.57544419979452e-06
 R1.R C.C
 470.0 4.529661682117293e-06
 R1.R C.C
 470.0 4.530529136118125e-06
 R1.R C.C
 470.0 4.529661682117293e-06
 R1.R C.C
 470.0 4.529661682117293e-06
 R1.R C.C
 470.0 4.529661682117293e-06
 R1.R C.C
 470.0 4.529661721020789e-06
 R1.R C.C
 470.0 4.529661721020789e-06
 R1.R C.C
 470.0 4.529661721020789e-06
 R1.R C.C
 470.0 4.529661721020789e-06
 R1.R C.C
 470.0 4.529661721020789e-06
 R1.R C.C
 470.0 4.529661721020789e-06
 R1.R C.C
 470.0 4.529661721020789e-06
 R1.R C.C
 470.0 4.529661721020789e-06
 R1.R C.C
 470.0 4.529661721020789e-06
 R1.R C.C
 470.0 4.529661721020789e-06
 R1.R C.C
 470.0 4.529661721020789e-06
 R1.R C.C
 470.0 4.529661721020789e-06
 R1.R C.C
 470.0 4.529661721020789e-06
 R1.R C.C
 470.0 4.529661721020789e-06
 R1.R C.C
 470.0 4.529661721020789e-06
 R1.R C.C
 470.0 4.529661721020789e-06
 R1.R C.C
 470.0 4.529661721020789e-06
 R1.R C.C
 470.0 4.529661721020789e-06
 R1.R C.C
 470.0 4.529661721020789e-06
 R1.R C.C
 470.0 4.529661721020789e-06
 R1.R C.C
 470.0 4.529661721020789e-06
 R1.R C.C
 470.0 4.529661721020789e-06
 R1.R C.C
 470.0 4.529661721020789e-06
 R1.R C.C
 470.0 4.529661721020789e-06
 R1.R C.C
 470.0 4.529661721020789e-06
 R1.R C.C
 470.0 4.529661721020789e-06
 R1.R C.C
 470.0 4.529661721020789e-06
 R1.R C.C
 470.0 4.529661721020789e-06
 R1.R C.C
 470.0 4.531396754407409e-06
 R1.R C.C
 470.0 4.531396754407409e-06
 R1.R C.C
 470.0 4.531396754407409e-06
 R1.R C.C
 470.0 4.531396754407409e-06
 R1.R C.C
 470.0 4.531396754407409e-06
 R1.R C.C
 470.0 4.531396754407409e-06
 R1.R C.C
 470.0 4.531396754407409e-06
 R1.R C.C
 470.0 4.531396754407409e-06
 R1.R C.C
 470.0 4.531396754407409e-06
 R1.R C.C
 470.0 4.531396754407409e-06
 R1.R C.C
 470.0 4.531396754407409e-06
 R1.R C.C
 470.0 4.531396754407409e-06
 R1.R C.C
 470.0 4.531396754407409e-06
 R1.R C.C
 470.0 4.531396754407409e-06
 R1.R C.C
 470.0 4.531396754407409e-06
 R1.R C.C
 470.0 4.531396754407409e-06
 R1.R C.C
 470.0 4.531396754407409e-06
 R1.R C.C
 470.0 4.531396754407409e-06
 R1.R C.C
 470.0 4.531396754407409e-06
 R1.R C.C
 470.0 4.531396754407409e-06
 R1.R C.C
 470.0 4.531396754407409e-06
 R1.R C.C
 470.0 4.531396754407409e-06
 R1.R C.C
 470.0 4.531396754407409e-06
 R1.R C.C
 470.0 4.531396754407409e-06
 R1.R C.C
 470.0 4.531396754407409e-06
 R1.R C.C
 470.0 4.531396754407409e-06
 R1.R C.C
 470.0 4.529661721020789e-06
 R1.R C.C
 470.0 4.529661721020789e-06
 R1.R C.C
 470.0 4.529661721020789e-06
 R1.R C.C
 470.0 4.529661721020789e-06
 R1.R C.C
 470.0 4.5313957725332435e-06
 R1.R C.C
 470.0 4.5296617184803366e-06
 R1.R C.C
 470.0 4.5296617184803366e-06
 R1.R C.C
 470.0 4.5470450110378265e-06
 R1.R C.C
 470.0 4.5470450110378265e-06
 R1.R C.C
 470.0 4.5470450110378265e-06
 R1.R C.C
 470.0 4.5470450110378265e-06
