time        FAR         N           Wfuel       Tt          
0.0         0.025       10000.0     23.75       2863.15062  
0.0         0.025       9999.83112  23.7486208  2863.12424  
0.0         0.025       9999.77359  23.7479159  2863.11542  
0.0         0.026       9999.77359  23.7479159  2863.11542  
0.0         0.026       10074.7854  25.4210742  2932.74092  
0.0         0.028       10156.7910  27.2190876  3002.53917  
0.0         0.03        10246.2299  29.1540940  3072.50763  
0.01        0.02602126  10074.8168  25.4421446  2934.01284  
0.02        0.02604251  10074.8723  25.4634148  2935.28712  
0.03        0.02606377  10074.9546  25.4849533  2936.56451  
0.04        0.02608502  10075.0632  25.5067436  2937.84489  
0.05        0.02610627  10075.1977  25.5287815  2939.12814  
0.06000000  0.02612751  10075.3577  25.5510623  2940.41462  
0.07        0.02614874  10075.5427  25.5735812  2941.70319  
0.08        0.02616997  10075.7525  25.5963338  2942.99423  
0.09        0.02619118  10075.9864  25.6193155  2944.28761  
0.09999999  0.02621238  10076.2443  25.6425218  2945.58320  
0.10999999  0.02623357  10076.5256  25.6659482  2946.88089  
0.11999999  0.02625474  10076.8299  25.6895905  2948.18054  
0.12999999  0.02627590  10077.1570  25.7134442  2949.48204  
0.13999999  0.02629704  10077.5064  25.7375052  2950.78527  
0.15        0.02631816  10077.8777  25.7617691  2952.09011  
0.16        0.02633927  10078.2706  25.7862319  2953.39645  
0.17        0.02636036  10078.6847  25.8108894  2954.70417  
0.18000000  0.02638142  10079.1197  25.8357375  2956.01317  
0.19000000  0.02640247  10079.5751  25.8607723  2957.32333  
0.20000000  0.02642349  10080.0507  25.8859898  2958.63455  
0.21000000  0.02644449  10080.5462  25.9113861  2959.94672  
0.22000000  0.02646546  10081.0610  25.9369573  2961.25974  
0.23000000  0.02648641  10081.5950  25.9626995  2962.57350  
0.24000000  0.02650733  10082.1478  25.9886092  2963.88790  
0.25000000  0.02652822  10082.7191  26.0146824  2965.20285  
0.26000000  0.02654908  10083.3085  26.0409156  2966.51824  
0.27000000  0.02656992  10083.9158  26.0673051  2967.83397  
0.28000000  0.02659072  10084.5406  26.0938474  2969.14996  
0.29000000  0.02661149  10085.1826  26.1205389  2970.46612  
0.30000000  0.02663224  10085.8414  26.1473761  2971.78233  
0.31000000  0.02665294  10086.5169  26.1743556  2973.09853  
0.32000000  0.02667362  10087.2087  26.2014740  2974.41462  
0.33000000  0.02669426  10087.9165  26.2287279  2975.73050  
0.34000000  0.02671486  10088.6400  26.2561140  2977.04611  
0.35000000  0.02673543  10089.3790  26.2836291  2978.36134  
0.36000000  0.02675596  10090.1331  26.3112698  2979.67613  
0.37000000  0.02677645  10090.9021  26.3390331  2980.99038  
0.38000000  0.02679691  10091.6857  26.3669158  2982.30401  
0.39000000  0.02681732  10092.4837  26.3949148  2983.61695  
0.40000000  0.02683770  10093.2957  26.4230270  2984.92913  
0.41000000  0.02685803  10094.1216  26.4512493  2986.24045  
0.42000000  0.02687833  10094.9609  26.4795789  2987.55086  
0.43000000  0.02689858  10095.8136  26.5080127  2988.86026  
0.44000000  0.02691879  10096.6794  26.5365478  2990.16860  
0.45000000  0.02693896  10097.5578  26.5651806  2991.47579  
0.46000000  0.02695908  10098.4487  26.5939081  2992.78176  
0.47000000  0.02697916  10099.3519  26.6227284  2994.08645  
0.48000000  0.02699919  10100.2672  26.6516387  2995.38980  
0.49000000  0.02701917  10101.1944  26.6806364  2996.69173  
0.50000000  0.02703912  10102.1331  26.7097188  2997.99219  
0.51000000  0.02705901  10103.0832  26.7388831  2999.29111  
0.52000000  0.02707885  10104.0445  26.7681268  3000.58842  
0.53000000  0.02709865  10105.0168  26.7974474  3001.88407  
0.54000000  0.02711840  10105.9997  26.8268421  3003.17799  
0.55000000  0.02713810  10106.9932  26.8563086  3004.47013  
0.56000000  0.02715775  10107.9969  26.8858442  3005.76042  
0.57000000  0.02717735  10109.0107  26.9154467  3007.04881  
0.58000000  0.02719690  10110.0344  26.9451134  3008.33525  
0.59000000  0.02721640  10111.0678  26.9748422  3009.61966  
0.60000000  0.02723585  10112.1107  27.0046305  3010.90201  
0.61000000  0.02725524  10113.1628  27.0344760  3012.18224  
0.62000000  0.02727458  10114.2240  27.0643765  3013.46030  
0.63000000  0.02729387  10115.2941  27.0943297  3014.73613  
0.64000000  0.02731311  10116.3729  27.1243333  3016.00968  
0.65000000  0.02733229  10117.4602  27.1543852  3017.28091  
0.66000000  0.02735141  10118.5558  27.1844831  3018.54976  
0.67000000  0.02737049  10119.6596  27.2146249  3019.81620  
0.68000000  0.02738950  10120.7713  27.2448085  3021.08016  
0.69000000  0.02740847  10121.8908  27.2750317  3022.34161  
0.70000000  0.02742737  10123.0180  27.3052926  3023.60051  
0.71000000  0.02744622  10124.1526  27.3355890  3024.85680  
0.72000000  0.02746501  10125.2944  27.3659190  3026.11044  
0.73000000  0.02748375  10126.4434  27.3962805  3027.36139  
0.74000000  0.02750243  10127.5993  27.4266716  3028.60962  
0.75000000  0.02752105  10128.7620  27.4570903  3029.85507  
0.76000000  0.02753961  10129.9313  27.4875348  3031.09771  
0.77000000  0.02755811  10131.1071  27.5180032  3032.33751  
0.78000000  0.02757656  10132.2892  27.5484935  3033.57441  
0.79000000  0.02759494  10133.4774  27.5790040  3034.80839  
0.80000000  0.02761327  10134.6717  27.6095328  3036.03941  
0.81000000  0.02763153  10135.8718  27.6400782  3037.26742  
0.82000000  0.02764974  10137.0776  27.6706384  3038.49241  
0.83000000  0.02766789  10138.2889  27.7012116  3039.71432  
0.84000000  0.02768597  10139.5057  27.7317962  3040.93313  
0.85000000  0.02770400  10140.7278  27.7623904  3042.14881  
0.86000000  0.02772196  10141.9550  27.7929925  3043.36132  
0.87000000  0.02773986  10143.1872  27.8236010  3044.57063  
0.88000000  0.02775770  10144.4243  27.8542141  3045.77671  
0.89000000  0.02777548  10145.6661  27.8848303  3046.97953  
0.90000000  0.02779320  10146.9126  27.9154480  3048.17906  
0.91000000  0.02781085  10148.1635  27.9460656  3049.37526  
0.92000000  0.02782844  10149.4187  27.9766816  3050.56812  
0.93000000  0.02784597  10150.6782  28.0072944  3051.75761  
0.94000000  0.02786344  10151.9418  28.0379026  3052.94369  
0.95000000  0.02788084  10153.2093  28.0685047  3054.12634  
0.96000000  0.02789818  10154.4808  28.0990991  3055.30553  
0.97000000  0.02791546  10155.7559  28.1296845  3056.48125  
0.98000000  0.02793267  10157.0347  28.1602594  3057.65345  
0.99000000  0.02794982  10158.3169  28.1908225  3058.82213  
1.00000000  0.02796690  10159.6026  28.2213723  3059.98726  
1.01000000  0.02798392  10160.8916  28.2519074  3061.14880  
1.02000000  0.02800088  10162.1837  28.2824266  3062.30675  
1.03000000  0.02801777  10163.4788  28.3129285  3063.46108  
1.04000000  0.02803459  10164.7770  28.3434118  3064.61177  
1.05000000  0.02805136  10166.0779  28.3738751  3065.75879  
1.06000000  0.02806805  10167.3816  28.4043172  3066.90212  
1.07000000  0.02808468  10168.6880  28.4347369  3068.04176  
1.08000000  0.02810125  10169.9968  28.4651328  3069.17767  
1.09000000  0.02811775  10171.3081  28.4955039  3070.30984  
1.10000000  0.02813418  10172.6218  28.5258488  3071.43824  
1.11000000  0.02815055  10173.9377  28.5561663  3072.56287  
1.12000000  0.02816686  10175.2557  28.5864554  3073.68371  
1.13000000  0.02818309  10176.5758  28.6167147  3074.80073  
1.14000000  0.02819926  10177.8978  28.6469433  3075.91392  
1.15000000  0.02821537  10179.2217  28.6771398  3077.02327  
1.16000000  0.02823141  10180.5473  28.7073034  3078.12876  
1.17000000  0.02824738  10181.8747  28.7374327  3079.23037  
1.18000000  0.02826329  10183.2036  28.7675268  3080.32809  
1.19000000  0.02827913  10184.5340  28.7975846  3081.42191  
1.20000000  0.02829490  10185.8659  28.8276051  3082.51181  
1.21000000  0.02831061  10187.1991  28.8575871  3083.59778  
1.22000000  0.02832625  10188.5335  28.8875296  3084.67980  
1.23000000  0.02834182  10189.8691  28.9174317  3085.75786  
1.24000000  0.02835733  10191.2058  28.9472923  3086.83195  
1.25000000  0.02837277  10192.5435  28.9771105  3087.90207  
1.26000000  0.02838814  10193.8821  29.0068853  3088.96819  
1.27000000  0.02840344  10195.2215  29.0366157  3090.03030  
1.28000000  0.02841868  10196.5618  29.0663008  3091.08840  
1.29000000  0.02843386  10197.9027  29.0959397  3092.14248  
1.30000000  0.02844896  10199.2442  29.1255314  3093.19252  
1.31000000  0.02846400  10200.5863  29.1550751  3094.23852  
1.32000000  0.02847897  10201.9289  29.1845698  3095.28046  
1.33000000  0.02849387  10203.2718  29.2140147  3096.31834  
1.34000000  0.02850871  10204.6151  29.2434089  3097.35215  
1.35000000  0.02852348  10205.9587  29.2727516  3098.38189  
1.36000000  0.02853818  10207.3024  29.3020419  3099.40753  
1.37000000  0.02855282  10208.6463  29.3312790  3100.42908  
1.38000000  0.02856738  10209.9902  29.3604620  3101.44653  
1.39000000  0.02858188  10211.3341  29.3895902  3102.45987  
1.40000000  0.02859632  10212.6779  29.4186627  3103.46909  
1.41000000  0.02861068  10214.0216  29.4476788  3104.47419  
1.42000000  0.02862498  10215.3651  29.4766378  3105.47517  
1.43000000  0.02863921  10216.7083  29.5055388  3106.47201  
1.44000000  0.02865338  10218.0512  29.5343811  3107.46471  
1.45000000  0.02866748  10219.3936  29.5631639  3108.45327  
1.46000000  0.02868151  10220.7357  29.5918866  3109.43768  
1.47000000  0.02869547  10222.0772  29.6205485  3110.41745  
1.48000000  0.02870937  10223.4182  29.6491488  3111.39360  
1.49000000  0.02872319  10224.7585  29.6776868  3112.36559  
1.50000000  0.02873696  10226.0982  29.7061619  3113.33341  
1.51000000  0.02875065  10227.4371  29.7345733  3114.29705  
1.52000000  0.02876428  10228.7752  29.7629204  3115.25653  
1.53000000  0.02877784  10230.1125  29.7912026  3116.21183  
1.54000000  0.02879134  10231.4489  29.8194191  3117.16295  
1.55000000  0.02880476  10232.7843  29.8475694  3118.10989  
1.56000000  0.02881812  10234.1187  29.8756529  3119.05264  
1.57000000  0.02883142  10235.4520  29.9036688  3119.99121  
1.58000000  0.02884464  10236.7842  29.9316167  3120.92560  
1.59000000  0.02885781  10238.1153  29.9594959  3121.85580  
1.60000000  0.02887090  10239.4452  29.9873058  3122.78180  
1.61000000  0.02888393  10240.7738  30.0150459  3123.70362  
1.62000000  0.02889689  10242.1010  30.0427156  3124.62125  
1.63000000  0.02890978  10243.4270  30.0703143  3125.53468  
1.64000000  0.02892261  10244.7515  30.0978416  3126.44392  
1.65000000  0.02893538  10246.0746  30.1252967  3127.34898  
1.66000000  0.02894807  10247.3962  30.1526793  3128.24984  
1.67000000  0.02896070  10248.7162  30.1799887  3129.14651  
1.68000000  0.02897327  10250.0346  30.2072245  3130.03899  
1.69000000  0.02898576  10251.3515  30.2343862  3130.92728  
1.70000000  0.02899820  10252.6666  30.2614732  3131.81138  
1.71000000  0.02901056  10253.9801  30.2884852  3132.69130  
1.72000000  0.02902286  10255.2918  30.3154215  3133.56703  
1.73000000  0.02903510  10256.6016  30.3422817  3134.43857  
1.74000000  0.02904727  10257.9097  30.3690654  3135.30594  
1.75000000  0.02905937  10259.2159  30.3957721  3136.16912  
1.76000000  0.02907141  10260.5201  30.4224014  3137.02813  
1.77000000  0.02908339  10261.8224  30.4489527  3137.88296  
1.78000000  0.02909530  10263.1227  30.4754257  3138.73361  
1.79000000  0.02910714  10264.4210  30.5018200  3139.58010  
1.80000000  0.02911892  10265.7172  30.5281351  3140.42242  
1.81000000  0.02913063  10267.0112  30.5543706  3141.26057  
1.82000000  0.02914228  10268.3032  30.5805261  3142.09456  
1.83000000  0.02915387  10269.5929  30.6066013  3142.92440  
1.84000000  0.02916539  10270.8805  30.6325956  3143.75008  
1.85000000  0.02917684  10272.1658  30.6585088  3144.57161  
1.86000000  0.02918824  10273.4488  30.6843405  3145.38899  
1.87000000  0.02919956  10274.7294  30.7100903  3146.20223  
1.88000000  0.02921083  10276.0078  30.7357578  3147.01133  
1.89000000  0.02922203  10277.2837  30.7613427  3147.81630  
1.90000000  0.02923316  10278.5572  30.7868446  3148.61714  
1.91000000  0.02924423  10279.8283  30.8122632  3149.41385  
1.92000000  0.02925524  10281.0969  30.8375982  3150.20644  
1.93000000  0.02926619  10282.3629  30.8628492  3150.99544  
1.94000000  0.02927707  10283.6264  30.8880159  3151.77985  
1.95000000  0.02928789  10284.8874  30.9130979  3152.56015  
1.96000000  0.02929864  10286.1457  30.9380950  3153.33636  
1.97000000  0.02930934  10287.4014  30.9630070  3154.10847  
1.98000000  0.02931997  10288.6544  30.9878334  3154.87649  
1.99000000  0.02933053  10289.9048  31.0125740  3155.64044  
2.00000000  0.02934104  10291.1524  31.0372285  3156.40031  
2.01000000  0.02935148  10292.3972  31.0617967  3157.15610  
2.02000000  0.02936186  10293.6393  31.0862783  3157.90784  
2.03000000  0.02937218  10294.8786  31.1106730  3158.65551  
2.04000000  0.02938244  10296.1151  31.1349805  3159.39914  
2.05000000  0.02939263  10297.3487  31.1592006  3160.13872  
2.06        0.02940276  10298.5794  31.1833331  3160.87426  
2.07        0.02941283  10299.8072  31.2073777  3161.60578  
2.07999999  0.02942284  10301.0320  31.2313342  3162.33326  
2.08999999  0.02943279  10302.2540  31.2552023  3163.05673  
2.09999999  0.02944268  10303.4729  31.2789819  3163.77619  
2.10999999  0.02945250  10304.6889  31.3026738  3164.49166  
2.11999999  0.02946227  10305.9020  31.3262775  3165.20315  
2.12999999  0.02947198  10307.1120  31.3497919  3165.91063  
2.13999999  0.02948162  10308.3189  31.3732167  3166.61414  
2.14999999  0.02949120  10309.5227  31.3965518  3167.31367  
2.15999999  0.02950073  10310.7234  31.4197969  3168.00923  
2.16999999  0.02951019  10311.9209  31.4429519  3168.70084  
2.17999999  0.02951960  10313.1152  31.4660166  3169.38849  
2.18999999  0.02952894  10314.3064  31.4889909  3170.07219  
2.19999999  0.02953822  10315.4943  31.5118745  3170.75196  
2.20999999  0.02954745  10316.6790  31.5346674  3171.42780  
2.21999999  0.02955662  10317.8604  31.5573693  3172.09973  
2.22999999  0.02956572  10319.0386  31.5799802  3172.76774  
2.23999999  0.02957477  10320.2135  31.6024999  3173.43185  
2.24999999  0.02958376  10321.3850  31.6249282  3174.09207  
2.25999999  0.02959269  10322.5532  31.6472651  3174.74840  
2.26999999  0.02960156  10323.7181  31.6695103  3175.40085  
2.27999999  0.02961038  10324.8796  31.6916638  3176.04944  
2.28999999  0.02961913  10326.0377  31.7137255  3176.69417  
2.29999999  0.02962783  10327.1925  31.7356952  3177.33505  
2.30999999  0.02963647  10328.3438  31.7575728  3177.97209  
2.31999999  0.02964505  10329.4916  31.7793582  3178.60530  
2.32999999  0.02965358  10330.6361  31.8010513  3179.23469  
2.33999999  0.02966205  10331.7770  31.8226521  3179.86026  
2.34999999  0.02967046  10332.9145  31.8441604  3180.48203  
2.35999999  0.02967881  10334.0484  31.8655762  3181.10001  
2.36999999  0.02968711  10335.1789  31.8868993  3181.71420  
2.37999999  0.02969535  10336.3058  31.9081297  3182.32462  
2.38999999  0.02970354  10337.4292  31.9292673  3182.93127  
2.39999999  0.02971167  10338.5490  31.9503121  3183.53417  
2.40999999  0.02971974  10339.6653  31.9712639  3184.13332  
2.41999999  0.02972775  10340.7779  31.9921227  3184.72874  
2.42999999  0.02973572  10341.8870  32.0128885  3185.32043  
2.43999999  0.02974362  10342.9924  32.0335607  3185.90840  
2.44999999  0.02975147  10344.0942  32.0541403  3186.49267  
2.45999999  0.02975927  10345.1924  32.0746267  3187.07324  
2.46999999  0.02976701  10346.2869  32.0950199  3187.65013  
2.47999999  0.02977469  10347.3778  32.1153198  3188.22334  
2.48999999  0.02978232  10348.4650  32.1355263  3188.79289  
2.49999999  0.02978990  10349.5485  32.1556396  3189.35878  
2.50999999  0.02979742  10350.6283  32.1756595  3189.92103  
2.51999999  0.02980489  10351.7044  32.1955860  3190.47964  
2.52999999  0.02981231  10352.7768  32.2154192  3191.03464  
2.53999999  0.02981967  10353.8454  32.2351589  3191.58601  
2.54999999  0.02982698  10354.9103  32.2548052  3192.13379  
2.55999999  0.02983423  10355.9714  32.2743581  3192.67798  
2.56999999  0.02984143  10357.0288  32.2938176  3193.21858  
2.57999999  0.02984858  10358.0824  32.3131836  3193.75562  
2.58999999  0.02985568  10359.1322  32.3324562  3194.28909  
2.59999999  0.02986272  10360.1782  32.3516354  3194.81902  
2.60999999  0.02986971  10361.2204  32.3707213  3195.34541  
2.61999999  0.02987665  10362.2588  32.3897137  3195.86827  
2.62999999  0.02988354  10363.2933  32.4086128  3196.38762  
2.63999999  0.02989037  10364.3241  32.4274185  3196.90346  
2.64999999  0.02989716  10365.3510  32.4461309  3197.41581  
2.65999999  0.02990389  10366.3740  32.4647500  3197.92468  
2.66999999  0.02991057  10367.3932  32.4832759  3198.43007  
2.67999999  0.02991720  10368.4085  32.5017086  3198.93201  
2.68999999  0.02992378  10369.4200  32.5200480  3199.43050  
2.69999999  0.02993031  10370.4275  32.5382944  3199.92555  
2.70999999  0.02993679  10371.4312  32.5564476  3200.41717  
2.71999999  0.02994322  10372.4310  32.5745079  3200.90538  
2.72999999  0.02994959  10373.4269  32.5924751  3201.39019  
2.73999999  0.02995592  10374.4189  32.6103494  3201.87160  
2.74999999  0.02996220  10375.4069  32.6281308  3202.34963  
2.75999999  0.02996843  10376.3911  32.6458195  3202.82430  
2.76999999  0.02997461  10377.3713  32.6634154  3203.29560  
2.77999999  0.02998074  10378.3476  32.6809186  3203.76356  
2.78999999  0.02998683  10379.3199  32.6983292  3204.22819  
2.79999999  0.02999286  10380.2883  32.7156473  3204.68949  
2.80999999  0.02999885  10381.2528  32.7328729  3205.14748  
2.81999999  0.03000478  10382.2133  32.7500062  3205.60218  
2.82999999  0.03001067  10383.1698  32.7670472  3206.05358  
2.83999999  0.03001651  10384.1222  32.7839936  3206.50168  
2.84999999  0.03002231  10385.0705  32.8008479  3206.94652  
2.85999999  0.03002805  10386.0149  32.8176102  3207.38811  
2.86999999  0.03003375  10386.9554  32.8342805  3207.82646  
2.87999999  0.03003941  10387.8918  32.8508588  3208.26158  
2.88999999  0.03004501  10388.8242  32.8673454  3208.69348  
2.89999999  0.03005057  10389.7526  32.8837403  3209.12217  
2.90999999  0.03005608  10390.6771  32.9000437  3209.54768  
2.91999999  0.03006155  10391.5975  32.9162556  3209.97000  
2.92999999  0.03006697  10392.5139  32.9323761  3210.38915  
2.93999999  0.03007234  10393.4263  32.9484054  3210.80515  
2.94999999  0.03007767  10394.3347  32.9643436  3211.21800  
2.95999999  0.03008295  10395.2391  32.9801908  3211.62772  
2.96999999  0.03008819  10396.1395  32.9959471  3212.03431  
2.97999999  0.03009339  10397.0358  33.0116127  3212.43780  
2.98999999  0.03009853  10397.9281  33.0271876  3212.83819  
2.99999999  0.03010364  10398.8164  33.0426721  3213.23550  
3.00999999  0.03010870  10399.7007  33.0580662  3213.62973  
3.01999999  0.03011371  10400.5809  33.0733701  3214.02091  
3.02999999  0.03011868  10401.4571  33.0885840  3214.40903  
3.03999999  0.03012361  10402.3293  33.1037079  3214.79412  
3.04999999  0.03012849  10403.1974  33.1187420  3215.17619  
3.05999999  0.03013333  10404.0615  33.1336864  3215.55524  
3.06999999  0.03013813  10404.9216  33.1485414  3215.93130  
3.07999999  0.03014288  10405.7776  33.1633070  3216.30437  
3.08999999  0.03014759  10406.6296  33.1779834  3216.67446  
3.09999999  0.03015226  10407.4775  33.1925708  3217.04159  
3.10999999  0.03015689  10408.3215  33.2070693  3217.40577  
3.11999999  0.03016147  10409.1613  33.2214791  3217.76702  
3.12999999  0.03016602  10409.9972  33.2358004  3218.12533  
3.13999999  0.03017052  10410.8290  33.2500333  3218.48074  
3.14999999  0.03017497  10411.6567  33.2641779  3218.83324  
3.15999999  0.03017939  10412.4804  33.2782345  3219.18286  
3.16999999  0.03018377  10413.3001  33.2922032  3219.52960  
3.17999999  0.03018810  10414.1157  33.3060843  3219.87347  
3.18999999  0.03019240  10414.9274  33.3198778  3220.21449  
3.19999999  0.03019665  10415.7349  33.3335839  3220.55268  
3.20999999  0.03020086  10416.5385  33.3472029  3220.88804  
3.21999999  0.03020504  10417.3380  33.3607349  3221.22058  
3.22999999  0.03020917  10418.1334  33.3741801  3221.55032  
3.23999999  0.03021326  10418.9249  33.3875387  3221.87728  
3.24999999  0.03021732  10419.7123  33.4008109  3222.20145  
3.25999999  0.03022133  10420.4957  33.4139969  3222.52287  
3.26999999  0.03022531  10421.2751  33.4270968  3222.84153  
3.27999999  0.03022924  10422.0504  33.4401109  3223.15745  
3.28999999  0.03023314  10422.8217  33.4530393  3223.47064  
3.29999999  0.03023700  10423.5890  33.4658823  3223.78112  
3.30999999  0.03024082  10424.3523  33.4786401  3224.08889  
3.31999999  0.03024460  10425.1116  33.4913128  3224.39398  
3.32999999  0.03024835  10425.8669  33.5039007  3224.69639  
3.33999999  0.03025205  10426.6181  33.5164040  3224.99613  
3.34999999  0.03025572  10427.3654  33.5288228  3225.29322  
3.35999999  0.03025935  10428.1086  33.5411575  3225.58767  
3.36999999  0.03026295  10428.8479  33.5534081  3225.87949  
3.37999999  0.03026651  10429.5832  33.5655750  3226.16870  
3.38999999  0.03027003  10430.3144  33.5776583  3226.45531  
3.39999999  0.03027351  10431.0417  33.5896582  3226.73932  
3.40999999  0.03027696  10431.7650  33.6015751  3227.02076  
3.41999999  0.03028037  10432.4843  33.6134090  3227.29963  
3.42999999  0.03028375  10433.1997  33.6251602  3227.57595  
3.43999999  0.03028709  10433.9111  33.6368290  3227.84973  
3.44999999  0.03029039  10434.6185  33.6484156  3228.12097  
3.45999999  0.03029366  10435.3219  33.6599201  3228.38971  
3.46999999  0.03029689  10436.0214  33.6713429  3228.65594  
3.47999999  0.03030009  10436.7169  33.6826841  3228.91968  
3.48999999  0.03030326  10437.4085  33.6939440  3229.18094  
3.49999999  0.03030639  10438.0962  33.7051229  3229.43973  
3.50999999  0.03030948  10438.7799  33.7162209  3229.69608  
3.51999999  0.03031254  10439.4596  33.7272383  3229.94998  
3.52999999  0.03031557  10440.1355  33.7381753  3230.20145  
3.53999999  0.03031856  10440.8074  33.7490322  3230.45050  
3.54999999  0.03032152  10441.4754  33.7598092  3230.69715  
3.55999999  0.03032445  10442.1395  33.7705066  3230.94141  
3.56999999  0.03032734  10442.7996  33.7811246  3231.18329  
3.57999999  0.03033020  10443.4559  33.7916634  3231.42280  
3.58999999  0.03033303  10444.1083  33.8021234  3231.65996  
3.59999999  0.03033582  10444.7568  33.8125046  3231.89477  
3.60999999  0.03033859  10445.4014  33.8228075  3232.12726  
3.61999999  0.03034132  10446.0421  33.8330322  3232.35742  
3.62999999  0.03034401  10446.6790  33.8431791  3232.58528  
3.63999999  0.03034668  10447.3120  33.8532482  3232.81085  
3.64999999  0.03034931  10447.9411  33.8632400  3233.03414  
3.65999999  0.03035192  10448.5664  33.8731547  3233.25515  
3.66999999  0.03035449  10449.1878  33.8829924  3233.47391  
3.67999999  0.03035703  10449.8054  33.8927536  3233.69043  
3.68999999  0.03035954  10450.4192  33.9024384  3233.90472  
3.69999999  0.03036202  10451.0291  33.9120471  3234.11678  
3.70999999  0.03036447  10451.6352  33.9215799  3234.32664  
3.71999999  0.03036688  10452.2375  33.9310372  3234.53430  
3.72999999  0.03036927  10452.8361  33.9404192  3234.73978  
3.73999999  0.03037163  10453.4308  33.9497262  3234.94308  
3.74999999  0.03037396  10454.0217  33.9589583  3235.14423  
3.75999999  0.03037626  10454.6088  33.9681160  3235.34323  
3.76999999  0.03037853  10455.1922  33.9771994  3235.54010  
3.77999999  0.03038077  10455.7718  33.9862089  3235.73484  
3.78999999  0.03038298  10456.3477  33.9951446  3235.92747  
3.79999999  0.03038516  10456.9197  34.0040070  3236.11801  
3.80999999  0.03038732  10457.4881  34.0127962  3236.30645  
3.81999999  0.03038944  10458.0527  34.0215125  3236.49283  
3.82999999  0.03039154  10458.6136  34.0301562  3236.67714  
3.83999999  0.03039361  10459.1708  34.0387275  3236.85940  
3.84999999  0.03039565  10459.7243  34.0472269  3237.03962  
3.85999999  0.03039766  10460.2740  34.0556544  3237.21781  
3.86999999  0.03039965  10460.8201  34.0640105  3237.39399  
3.87999999  0.03040161  10461.3625  34.0722953  3237.56816  
3.88999999  0.03040354  10461.9012  34.0805092  3237.74035  
3.89999999  0.03040545  10462.4362  34.0886525  3237.91056  
3.90999999  0.03040732  10462.9676  34.0967254  3238.07879  
3.91999999  0.03040918  10463.4954  34.1047282  3238.24508  
3.92999999  0.03041100  10464.0195  34.1126612  3238.40942  
3.93999999  0.03041280  10464.5399  34.1205246  3238.57183  
3.94999999  0.03041457  10465.0568  34.1283189  3238.73231  
3.95999999  0.03041632  10465.5700  34.1360442  3238.89089  
3.96999999  0.03041804  10466.0797  34.1437008  3239.04758  
3.97999999  0.03041974  10466.5857  34.1512890  3239.20237  
3.98999999  0.03042141  10467.0882  34.1588092  3239.35530  
3.99999999  0.03042305  10467.5870  34.1662615  3239.50636  
4.00999999  0.03042467  10468.0824  34.1736463  3239.65558  
4.01999999  0.03042627  10468.5741  34.1809640  3239.80295  
4.02999999  0.03042784  10469.0623  34.1882146  3239.94850  
4.03999999  0.03042939  10469.5470  34.1953987  3240.09223  
4.04999999  0.03043091  10470.0282  34.2025164  3240.23416  
4.05999999  0.03043241  10470.5058  34.2095680  3240.37430  
4.06999999  0.03043388  10470.9799  34.2165538  3240.51266  
4.07999999  0.03043534  10471.4506  34.2234742  3240.64924  
4.08999999  0.03043676  10471.9177  34.2303294  3240.78407  
4.09999999  0.03043817  10472.3814  34.2371198  3240.91716  
4.10999999  0.03043955  10472.8416  34.2438455  3241.04851  
4.11999999  0.03044091  10473.2983  34.2505069  3241.17813  
4.12999999  0.03044224  10473.7516  34.2571044  3241.30605  
4.13999999  0.03044355  10474.2015  34.2636381  3241.43226  
4.14999999  0.03044484  10474.6480  34.2701084  3241.55678  
4.15999999  0.03044611  10475.0910  34.2765156  3241.67962  
4.16999999  0.03044736  10475.5307  34.2828600  3241.80080  
4.17999999  0.03044858  10475.9669  34.2891419  3241.92032  
4.18999999  0.03044978  10476.3998  34.2953615  3242.03820  
4.19999999  0.03045096  10476.8293  34.3015193  3242.15444  
4.20999999  0.03045212  10477.2554  34.3076154  3242.26907  
4.21999999  0.03045326  10477.6782  34.3136502  3242.38207  
4.22999999  0.03045437  10478.0976  34.3196239  3242.49348  
4.23999999  0.03045547  10478.5138  34.3255370  3242.60330  
4.24999999  0.03045654  10478.9266  34.3313896  3242.71155  
4.25999999  0.03045760  10479.3361  34.3371821  3242.81822  
4.26999999  0.03045863  10479.7423  34.3429147  3242.92334  
4.27999999  0.03045964  10480.1452  34.3485879  3243.02691  
4.28999999  0.03046064  10480.5449  34.3542018  3243.12895  
4.29999999  0.03046161  10480.9413  34.3597568  3243.22947  
4.30999999  0.03046256  10481.3344  34.3652531  3243.32847  
4.31999999  0.03046349  10481.7244  34.3706912  3243.42597  
4.32999999  0.03046441  10482.1111  34.3760712  3243.52198  
4.33999999  0.03046530  10482.4946  34.3813935  3243.61651  
4.34999999  0.03046618  10482.8748  34.3866583  3243.70957  
4.35999999  0.03046703  10483.2519  34.3918661  3243.80117  
4.36999999  0.03046787  10483.6259  34.3970171  3243.89132  
4.37999999  0.03046869  10483.9966  34.4021115  3243.98004  
4.38999999  0.03046949  10484.3642  34.4071497  3244.06733  
4.39999999  0.03047027  10484.7287  34.4121320  3244.15320  
4.40999999  0.03047104  10485.0900  34.4170587  3244.23766  
4.41999999  0.03047178  10485.4482  34.4219301  3244.32073  
4.42999999  0.03047251  10485.8033  34.4267465  3244.40242  
4.43999999  0.03047322  10486.1554  34.4315082  3244.48273  
4.44999999  0.03047391  10486.5043  34.4362155  3244.56167  
4.45999999  0.03047459  10486.8502  34.4408687  3244.63926  
4.46999999  0.03047524  10487.1930  34.4454681  3244.71551  
4.47999999  0.03047588  10487.5327  34.4500140  3244.79043  
4.48999999  0.03047651  10487.8695  34.4545067  3244.86402  
4.49999999  0.03047711  10488.2032  34.4589466  3244.93630  
4.50999999  0.03047770  10488.5339  34.4633338  3245.00728  
4.51999999  0.03047828  10488.8616  34.4676688  3245.07696  
4.52999999  0.03047883  10489.1863  34.4719517  3245.14536  
4.53999999  0.03047937  10489.5081  34.4761830  3245.21249  
4.54999999  0.03047990  10489.8268  34.4803629  3245.27836  
4.55999999  0.03048041  10490.1427  34.4844917  3245.34298  
4.56999999  0.03048090  10490.4556  34.4885697  3245.40635  
4.57999999  0.03048138  10490.7656  34.4925973  3245.46849  
4.58999999  0.03048184  10491.0727  34.4965747  3245.52941  
4.59999999  0.03048229  10491.3769  34.5005021  3245.58912  
4.60999999  0.03048272  10491.6782  34.5043800  3245.64763  
4.61999999  0.03048313  10491.9766  34.5082087  3245.70494  
4.62999999  0.03048353  10492.2722  34.5119883  3245.76107  
4.63999999  0.03048392  10492.5649  34.5157193  3245.81603  
4.64999999  0.03048429  10492.8548  34.5194019  3245.86982  
4.65999999  0.03048465  10493.1419  34.5230363  3245.92246  
4.66999999  0.03048499  10493.4262  34.5266231  3245.97396  
4.67999999  0.03048532  10493.7076  34.5301623  3246.02432  
4.68999999  0.03048564  10493.9863  34.5336543  3246.07356  
4.69999999  0.03048594  10494.2623  34.5370994  3246.12168  
4.70999999  0.03048622  10494.5354  34.5404980  3246.16870  
4.71999999  0.03048650  10494.8059  34.5438502  3246.21462  
4.72999999  0.03048676  10495.0736  34.5471565  3246.25945  
4.73999999  0.03048700  10495.3385  34.5504170  3246.30321  
4.74999999  0.03048724  10495.6008  34.5536321  3246.34589  
4.75999999  0.03048746  10495.8604  34.5568021  3246.38752  
4.76999999  0.03048766  10496.1173  34.5599273  3246.42810  
4.77999999  0.03048786  10496.3716  34.5630079  3246.46764  
4.78999999  0.03048804  10496.6232  34.5660444  3246.50615  
4.79999999  0.03048821  10496.8721  34.5690368  3246.54364  
4.80999999  0.03048836  10497.1185  34.5719857  3246.58011  
4.81999999  0.03048851  10497.3622  34.5748912  3246.61558  
4.82999999  0.03048864  10497.6033  34.5777536  3246.65006  
4.83999999  0.03048876  10497.8418  34.5805732  3246.68355  
4.84999999  0.03048887  10498.0778  34.5833504  3246.71606  
4.85999999  0.03048896  10498.3112  34.5860854  3246.74760  
4.86999999  0.03048905  10498.5420  34.5887785  3246.77819  
4.87999999  0.03048912  10498.7704  34.5914300  3246.80783  
4.88999999  0.03048918  10498.9962  34.5940401  3246.83652  
4.89999999  0.03048923  10499.2195  34.5966092  3246.86429  
4.90999999  0.03048927  10499.4403  34.5991376  3246.89113  
4.91999999  0.03048930  10499.6586  34.6016256  3246.91705  
4.92999999  0.03048932  10499.8744  34.6040733  3246.94207  
4.93999999  0.03048932  10500.0878  34.6064812  3246.96620  
4.94999999  0.03048932  10500.2988  34.6088495  3246.98943  
4.95999999  0.03048930  10500.5073  34.6111785  3247.01178  
4.96999999  0.03048928  10500.7134  34.6134684  3247.03326  
4.97999999  0.03048924  10500.9171  34.6157196  3247.05388  
4.98999999  0.03048920  10501.1184  34.6179324  3247.07364  
4.99999999  0.03048914  10501.3174  34.6201069  3247.09256  
5.00999999  0.03048907  10501.5140  34.6222436  3247.11064  
5.01999999  0.03048900  10501.7082  34.6243427  3247.12789  
5.02999999  0.03048891  10501.9001  34.6264044  3247.14432  
5.03999999  0.03048882  10502.0897  34.6284291  3247.15993  
5.04999999  0.03048871  10502.2769  34.6304170  3247.17474  
5.05999999  0.03048860  10502.4619  34.6323684  3247.18875  
5.06999999  0.03048848  10502.6446  34.6342836  3247.20198  
5.07999999  0.03048834  10502.8250  34.6361628  3247.21442  
5.08999999  0.03048820  10503.0032  34.6380064  3247.22609  
5.09999999  0.03048805  10503.1791  34.6398146  3247.23700  
5.10999999  0.03048789  10503.3528  34.6415877  3247.24715  
5.11999999  0.03048773  10503.5242  34.6433260  3247.25655  
5.12999999  0.03048755  10503.6935  34.6450297  3247.26521  
5.13999999  0.03048737  10503.8606  34.6466991  3247.27313  
5.14999999  0.03048717  10504.0255  34.6483345  3247.28034  
5.15999999  0.03048697  10504.1882  34.6499361  3247.28682  
5.16999999  0.03048676  10504.3488  34.6515042  3247.29260  
5.17999999  0.03048654  10504.5073  34.6530392  3247.29767  
5.18999999  0.03048632  10504.6636  34.6545412  3247.30205  
5.19999999  0.03048609  10504.8178  34.6560105  3247.30574  
5.20999999  0.03048585  10504.9699  34.6574475  3247.30876  
5.21999999  0.03048560  10505.1200  34.6588523  3247.31110  
5.22999999  0.03048534  10505.2679  34.6602252  3247.31278  
5.23999999  0.03048508  10505.4138  34.6615665  3247.31380  
5.24999999  0.03048481  10505.5577  34.6628765  3247.31418  
5.25999999  0.03048453  10505.6995  34.6641554  3247.31391  
5.26999999  0.03048424  10505.8393  34.6654035  3247.31301  
5.27999999  0.03048395  10505.9771  34.6666211  3247.31148  
5.28999999  0.03048365  10506.1129  34.6678083  3247.30933  
5.29999999  0.03048335  10506.2468  34.6689655  3247.30657  
5.30999999  0.03048303  10506.3786  34.6700929  3247.30320  
5.31999999  0.03048272  10506.5085  34.6711909  3247.29923  
5.32999999  0.03048239  10506.6365  34.6722595  3247.29468  
5.33999999  0.03048206  10506.7625  34.6732992  3247.28954  
5.34999999  0.03048172  10506.8866  34.6743101  3247.28382  
5.35999999  0.03048138  10507.0089  34.6752925  3247.27753  
5.36999999  0.03048103  10507.1292  34.6762467  3247.27068  
5.37999999  0.03048067  10507.2476  34.6771728  3247.26327  
5.38999999  0.03048031  10507.3642  34.6780713  3247.25532  
5.39999999  0.03047994  10507.4790  34.6789423  3247.24682  
5.40999999  0.03047956  10507.5919  34.6797860  3247.23778  
5.41999999  0.03047919  10507.7030  34.6806027  3247.22822  
5.42999999  0.03047880  10507.8122  34.6813927  3247.21813  
5.43999999  0.03047841  10507.9197  34.6821563  3247.20753  
5.44999999  0.03047801  10508.0254  34.6828935  3247.19642  
5.45999999  0.03047761  10508.1293  34.6836048  3247.18481  
5.46999999  0.03047721  10508.2314  34.6842903  3247.17270  
5.47999999  0.03047679  10508.3318  34.6849503  3247.16010  
5.48999999  0.03047638  10508.4305  34.6855851  3247.14702  
5.49999999  0.03047596  10508.5274  34.6861948  3247.13346  
5.50999999  0.03047553  10508.6226  34.6867797  3247.11944  
5.51999999  0.03047510  10508.7161  34.6873401  3247.10494  
5.52999999  0.03047466  10508.8080  34.6878761  3247.08999  
5.53999999  0.03047422  10508.8981  34.6883881  3247.07459  
5.54999999  0.03047378  10508.9867  34.6888763  3247.05875  
5.55999999  0.03047333  10509.0735  34.6893408  3247.04247  
5.56999999  0.03047287  10509.1587  34.6897820  3247.02575  
5.57999999  0.03047242  10509.2423  34.6902001  3247.00861  
5.58999999  0.03047195  10509.3243  34.6905952  3246.99104  
5.59999999  0.03047149  10509.4047  34.6909677  3246.97306  
5.60999999  0.03047102  10509.4835  34.6913177  3246.95468  
5.61999999  0.03047054  10509.5607  34.6916456  3246.93589  
5.62999999  0.03047007  10509.6364  34.6919514  3246.91670  
5.63999999  0.03046958  10509.7105  34.6922355  3246.89713  
5.64999999  0.03046910  10509.7831  34.6924981  3246.87717  
5.65999999  0.03046861  10509.8542  34.6927393  3246.85683  
5.66999999  0.03046812  10509.9237  34.6929595  3246.83611  
5.67999999  0.03046762  10509.9918  34.6931588  3246.81503  
5.68999999  0.03046712  10510.0583  34.6933375  3246.79359  
5.69999999  0.03046662  10510.1234  34.6934958  3246.77179  
5.70999999  0.03046611  10510.1870  34.6936339  3246.74964  
5.71999999  0.03046560  10510.2492  34.6937520  3246.72714  
5.72999999  0.03046509  10510.3099  34.6938504  3246.70431  
5.73999999  0.03046457  10510.3692  34.6939292  3246.68114  
5.74999999  0.03046406  10510.4271  34.6939887  3246.65764  
5.75999999  0.03046353  10510.4836  34.6940291  3246.63382  
5.76999999  0.03046301  10510.5386  34.6940505  3246.60968  
5.77999999  0.03046248  10510.5923  34.6940533  3246.58523  
5.78999999  0.03046195  10510.6447  34.6940377  3246.56047  
5.79999999  0.03046142  10510.6956  34.6940037  3246.53541  
5.80999999  0.03046089  10510.7453  34.6939518  3246.51006  
5.81999999  0.03046035  10510.7936  34.6938819  3246.48441  
5.82999999  0.03045981  10510.8405  34.6937945  3246.45847  
5.83999999  0.03045927  10510.8862  34.6936896  3246.43225  
5.84999999  0.03045872  10510.9305  34.6935674  3246.40576  
5.85999999  0.03045818  10510.9736  34.6934283  3246.37900  
5.86999999  0.03045763  10511.0154  34.6932723  3246.35197  
5.87999999  0.03045708  10511.0559  34.6930997  3246.32468  
5.88999999  0.03045652  10511.0952  34.6929107  3246.29713  
5.89999999  0.03045597  10511.1332  34.6927055  3246.26933  
5.90999999  0.03045541  10511.1700  34.6924843  3246.24128  
5.91999999  0.03045485  10511.2056  34.6922472  3246.21299  
5.92999999  0.03045429  10511.2400  34.6919945  3246.18447  
5.93999999  0.03045373  10511.2732  34.6917264  3246.15571  
5.94999999  0.03045317  10511.3051  34.6914430  3246.12672  
5.95999999  0.03045260  10511.3359  34.6911446  3246.09751  
5.96999999  0.03045204  10511.3656  34.6908313  3246.06809  
5.97999999  0.03045147  10511.3941  34.6905034  3246.03845  
5.98999999  0.03045090  10511.4214  34.6901610  3246.00860  
5.99999999  0.03045033  10511.4476  34.6898044  3245.97854  
6.00999999  0.03044976  10511.4727  34.6894336  3245.94829  
6.01999999  0.03044918  10511.4967  34.6890489  3245.91783  
6.02999999  0.03044861  10511.5196  34.6886505  3245.88719  
6.03999999  0.03044803  10511.5414  34.6882385  3245.85636  
6.04999999  0.03044745  10511.5621  34.6878132  3245.82535  
6.05999999  0.03044688  10511.5818  34.6873747  3245.79416  
6.06999999  0.03044630  10511.6004  34.6869232  3245.76279  
6.07999999  0.03044572  10511.6179  34.6864589  3245.73126  
6.08999999  0.03044514  10511.6344  34.6859820  3245.69956  
6.09999999  0.03044455  10511.6499  34.6854926  3245.66770  
6.10999999  0.03044397  10511.6644  34.6849909  3245.63567  
6.11999999  0.03044339  10511.6779  34.6844771  3245.60350  
6.12999999  0.03044280  10511.6904  34.6839514  3245.57118  
6.13999999  0.03044222  10511.7019  34.6834139  3245.53871  
6.14999999  0.03044163  10511.7124  34.6828648  3245.50610  
6.15999999  0.03044105  10511.7219  34.6823043  3245.47335  
6.16999999  0.03044046  10511.7305  34.6817326  3245.44047  
6.17999999  0.03043988  10511.7382  34.6811497  3245.40746  
6.18999999  0.03043929  10511.7449  34.6805560  3245.37432  
6.19999999  0.03043870  10511.7507  34.6799515  3245.34107  
6.20999999  0.03043811  10511.7556  34.6793364  3245.30769  
6.21999999  0.03043753  10511.7596  34.6787110  3245.27420  
6.22999999  0.03043694  10511.7627  34.6780752  3245.24060  
6.23999999  0.03043635  10511.7649  34.6774294  3245.20689  
6.24999999  0.03043576  10511.7663  34.6767736  3245.17307  
6.25999999  0.03043517  10511.7668  34.6761081  3245.13916  
6.26999999  0.03043459  10511.7664  34.6754329  3245.10515  
6.27999999  0.03043400  10511.7652  34.6747483  3245.07105  
6.28999999  0.03043341  10511.7631  34.6740544  3245.03686  
6.29999999  0.03043282  10511.7602  34.6733513  3245.00258  
6.30999999  0.03043223  10511.7565  34.6726393  3244.96822  
6.31999999  0.03043165  10511.7520  34.6719184  3244.93378  
6.32999999  0.03043106  10511.7467  34.6711888  3244.89927  
6.33999999  0.03043047  10511.7406  34.6704507  3244.86468  
6.34999999  0.03042988  10511.7338  34.6697042  3244.83003  
6.35999999  0.03042930  10511.7262  34.6689495  3244.79530  
6.36999999  0.03042871  10511.7178  34.6681867  3244.76052  
6.37999999  0.03042812  10511.7086  34.6674159  3244.72568  
6.38999999  0.03042754  10511.6987  34.6666374  3244.69078  
6.39999999  0.03042695  10511.6881  34.6658512  3244.65583  
6.40999999  0.03042637  10511.6768  34.6650575  3244.62082  
6.41999999  0.03042579  10511.6647  34.6642564  3244.58577  
6.42999999  0.03042520  10511.6520  34.6634481  3244.55068  
6.43999999  0.03042462  10511.6385  34.6626328  3244.51555  
6.44999999  0.03042404  10511.6244  34.6618105  3244.48038  
6.45999999  0.03042346  10511.6096  34.6609813  3244.44517  
6.46999999  0.03042288  10511.5941  34.6601455  3244.40993  
6.47999999  0.03042230  10511.5779  34.6593032  3244.37467  
6.48999999  0.03042172  10511.5611  34.6584545  3244.33937  
6.49999999  0.03042114  10511.5437  34.6575995  3244.30406  
6.50999999  0.03042056  10511.5256  34.6567384  3244.26872  
6.51999999  0.03041999  10511.5069  34.6558713  3244.23337  
6.52999999  0.03041941  10511.4875  34.6549983  3244.19800  
6.53999999  0.03041884  10511.4676  34.6541195  3244.16262  
6.54999999  0.03041826  10511.4470  34.6532352  3244.12723  
6.55999999  0.03041769  10511.4259  34.6523454  3244.09183  
6.56999999  0.03041712  10511.4042  34.6514502  3244.05643  
6.57999999  0.03041655  10511.3819  34.6505498  3244.02103  
6.58999999  0.03041598  10511.3590  34.6496442  3243.98562  
6.59999999  0.03041541  10511.3356  34.6487337  3243.95023  
6.60999999  0.03041485  10511.3116  34.6478184  3243.91483  
6.61999999  0.03041428  10511.2871  34.6468983  3243.87945  
6.62999999  0.03041372  10511.2620  34.6459735  3243.84408  
6.63999999  0.03041315  10511.2364  34.6450443  3243.80872  
6.64999999  0.03041259  10511.2103  34.6441107  3243.77337  
6.65999999  0.03041203  10511.1836  34.6431728  3243.73805  
6.66999999  0.03041147  10511.1565  34.6422308  3243.70274  
6.67999999  0.03041091  10511.1289  34.6412848  3243.66746  
6.68999999  0.03041036  10511.1007  34.6403348  3243.63220  
6.69999999  0.03040980  10511.0721  34.6393810  3243.59697  
6.70999999  0.03040925  10511.0430  34.6384235  3243.56177  
6.71999999  0.03040870  10511.0135  34.6374625  3243.52660  
6.72999999  0.03040814  10510.9835  34.6364979  3243.49147  
6.73999999  0.03040760  10510.9530  34.6355300  3243.45637  
6.74999999  0.03040705  10510.9221  34.6345589  3243.42131  
6.75999999  0.03040650  10510.8907  34.6335846  3243.38629  
6.76999999  0.03040596  10510.8589  34.6326072  3243.35131  
6.77999999  0.03040541  10510.8267  34.6316269  3243.31638  
6.78999999  0.03040487  10510.7941  34.6306438  3243.28149  
6.79999999  0.03040433  10510.7611  34.6296580  3243.24665  
6.80999999  0.03040380  10510.7276  34.6286695  3243.21186  
6.81999999  0.03040326  10510.6938  34.6276785  3243.17713  
6.82999999  0.03040272  10510.6596  34.6266851  3243.14244  
6.83999999  0.03040219  10510.6250  34.6256894  3243.10782  
6.84999999  0.03040166  10510.5900  34.6246914  3243.07325  
6.85999999  0.03040113  10510.5546  34.6236913  3243.03874  
6.86999999  0.03040060  10510.5189  34.6226892  3243.00430  
6.87999999  0.03040008  10510.4828  34.6216851  3242.96991  
6.88999999  0.03039955  10510.4464  34.6206792  3242.93560  
6.89999999  0.03039903  10510.4096  34.6196715  3242.90135  
6.90999999  0.03039851  10510.3725  34.6186622  3242.86716  
6.91999999  0.03039799  10510.3351  34.6176513  3242.83305  
6.92999999  0.03039747  10510.2974  34.6166390  3242.79901  
6.93999999  0.03039696  10510.2593  34.6156252  3242.76505  
6.94999999  0.03039645  10510.2209  34.6146102  3242.73116  
6.95999999  0.03039594  10510.1822  34.6135940  3242.69734  
6.96999999  0.03039543  10510.1432  34.6125766  3242.66361  
6.97999999  0.03039492  10510.1040  34.6115582  3242.62995  
6.98999999  0.03039441  10510.0644  34.6105389  3242.59638  
6.99999999  0.03039391  10510.0246  34.6095187  3242.56289  
7.00999999  0.03039341  10509.9845  34.6084978  3242.52948  
7.01999999  0.03039291  10509.9441  34.6074761  3242.49616  
7.02999999  0.03039241  10509.9035  34.6064538  3242.46293  
7.03999999  0.03039192  10509.8626  34.6054310  3242.42979  
7.04999999  0.03039143  10509.8214  34.6044078  3242.39673  
7.05999999  0.03039093  10509.7800  34.6033841  3242.36377  
7.06999999  0.03039044  10509.7384  34.6023602  3242.33090  
7.07999999  0.03038996  10509.6966  34.6013361  3242.29812  
7.08999999  0.03038947  10509.6545  34.6003118  3242.26544  
7.09999999  0.03038899  10509.6122  34.5992874  3242.23286  
7.10999999  0.03038851  10509.5697  34.5982631  3242.20038  
7.11999999  0.03038803  10509.5269  34.5972389  3242.16799  
7.12999999  0.03038755  10509.4840  34.5962148  3242.13571  
7.13999999  0.03038708  10509.4409  34.5951909  3242.10352  
7.14999999  0.03038661  10509.3975  34.5941674  3242.07144  
7.15999999  0.03038614  10509.3540  34.5931442  3242.03947  
7.16999999  0.03038567  10509.3103  34.5921215  3242.00759  
7.17999999  0.03038521  10509.2665  34.5910992  3241.97583  
7.18999999  0.03038474  10509.2224  34.5900776  3241.94417  
7.19999999  0.03038428  10509.1782  34.5890566  3241.91262  
7.20999999  0.03038382  10509.1338  34.5880363  3241.88118  
7.21999999  0.03038337  10509.0893  34.5870168  3241.84985  
7.22999999  0.03038291  10509.0446  34.5859982  3241.81863  
7.23999999  0.03038246  10508.9998  34.5849804  3241.78753  
7.24999999  0.03038201  10508.9548  34.5839637  3241.75654  
7.25999999  0.03038156  10508.9097  34.5829480  3241.72566  
7.26999999  0.03038112  10508.8644  34.5819333  3241.69490  
7.27999999  0.03038067  10508.8191  34.5809199  3241.66425  
7.28999999  0.03038023  10508.7736  34.5799076  3241.63372  
7.29999999  0.03037979  10508.7280  34.5788967  3241.60331  
7.30999999  0.03037936  10508.6822  34.5778870  3241.57302  
7.31999999  0.03037892  10508.6364  34.5768788  3241.54285  
7.32999999  0.03037849  10508.5905  34.5758720  3241.51280  
7.33999999  0.03037806  10508.5444  34.5748668  3241.48287  
7.34999999  0.03037763  10508.4983  34.5738631  3241.45306  
7.35999999  0.03037721  10508.4521  34.5728610  3241.42337  
7.36999999  0.03037679  10508.4057  34.5718606  3241.39381  
7.37999999  0.03037637  10508.3593  34.5708619  3241.36438  
7.38999999  0.03037595  10508.3129  34.5698650  3241.33507  
7.39999999  0.03037553  10508.2663  34.5688700  3241.30588  
7.40999999  0.03037512  10508.2197  34.5678768  3241.27682  
7.41999999  0.03037471  10508.1730  34.5668856  3241.24789  
7.42999999  0.03037430  10508.1263  34.5658964  3241.21908  
7.43999999  0.03037389  10508.0795  34.5649091  3241.19041  
7.44999999  0.03037349  10508.0326  34.5639240  3241.16186  
7.45999999  0.03037309  10507.9857  34.5629410  3241.13345  
7.46999999  0.03037269  10507.9388  34.5619602  3241.10516  
7.47999999  0.03037229  10507.8918  34.5609816  3241.07700  
7.48999999  0.03037190  10507.8448  34.5600053  3241.04898  
7.49999999  0.03037150  10507.7977  34.5590313  3241.02109  
7.50999999  0.03037111  10507.7506  34.5580597  3240.99333  
7.51999999  0.03037073  10507.7035  34.5570904  3240.96570  
7.52999999  0.03037034  10507.6564  34.5561237  3240.93821  
7.53999999  0.03036996  10507.6092  34.5551594  3240.91085  
7.54999999  0.03036958  10507.5620  34.5541976  3240.88362  
7.55999999  0.03036920  10507.5148  34.5532384  3240.85653  
7.56999999  0.03036882  10507.4676  34.5522818  3240.82958  
7.57999999  0.03036845  10507.4205  34.5513279  3240.80276  
7.58999999  0.03036808  10507.3733  34.5503767  3240.77607  
7.59999999  0.03036771  10507.3261  34.5494282  3240.74953  
7.60999999  0.03036735  10507.2789  34.5484824  3240.72312  
7.61999999  0.03036698  10507.2317  34.5475395  3240.69685  
7.62999999  0.03036662  10507.1845  34.5465994  3240.67071  
7.63999999  0.03036626  10507.1374  34.5456622  3240.64471  
7.64999999  0.03036590  10507.0903  34.5447279  3240.61885  
7.65999999  0.03036555  10507.0432  34.5437965  3240.59313  
7.66999999  0.03036520  10506.9961  34.5428682  3240.56755  
7.67999999  0.03036485  10506.9490  34.5419428  3240.54211  
7.68999999  0.03036450  10506.9020  34.5410205  3240.51680  
7.69999999  0.03036415  10506.8550  34.5401013  3240.49164  
7.70999999  0.03036381  10506.8081  34.5391851  3240.46662  
7.71999999  0.03036347  10506.7612  34.5382722  3240.44173  
7.72999999  0.03036313  10506.7143  34.5373624  3240.41699  
7.73999999  0.03036280  10506.6675  34.5364558  3240.39239  
7.74999999  0.03036246  10506.6207  34.5355524  3240.36792  
7.75999999  0.03036213  10506.5740  34.5346523  3240.34360  
7.76999999  0.03036180  10506.5273  34.5337555  3240.31942  
7.77999999  0.03036148  10506.4807  34.5328620  3240.29538  
7.78999999  0.03036115  10506.4342  34.5319719  3240.27148  
7.79999999  0.03036083  10506.3877  34.5310851  3240.24772  
7.80999999  0.03036051  10506.3413  34.5302017  3240.22411  
7.81999999  0.03036020  10506.2950  34.5293218  3240.20063  
7.82999999  0.03035988  10506.2487  34.5284452  3240.17730  
7.83999999  0.03035957  10506.2025  34.5275722  3240.15411  
7.84999999  0.03035926  10506.1564  34.5267027  3240.13106  
7.85999999  0.03035895  10506.1103  34.5258366  3240.10815  
7.86999999  0.03035865  10506.0644  34.5249742  3240.08539  
7.87999999  0.03035834  10506.0185  34.5241153  3240.06277  
7.88999999  0.03035804  10505.9727  34.5232599  3240.04029  
7.89999999  0.03035774  10505.9270  34.5224082  3240.01795  
7.90999999  0.03035745  10505.8814  34.5215601  3239.99575  
7.91999999  0.03035715  10505.8359  34.5207157  3239.97369  
7.92999999  0.03035686  10505.7905  34.5198749  3239.95178  
7.93999999  0.03035657  10505.7452  34.5190378  3239.93001  
7.94999999  0.03035628  10505.6999  34.5182044  3239.90838  
7.95999999  0.03035600  10505.6548  34.5173748  3239.88689  
7.96999999  0.03035572  10505.6098  34.5165488  3239.86555  
7.97999999  0.03035544  10505.5649  34.5157267  3239.84434  
7.98999999  0.03035516  10505.5201  34.5149083  3239.82328  
7.99999999  0.03035488  10505.4754  34.5140937  3239.80236  
8.00999999  0.03035461  10505.4308  34.5132829  3239.78158  
8.01999999  0.03035434  10505.3863  34.5124760  3239.76094  
8.02999999  0.03035407  10505.3420  34.5116729  3239.74045  
8.03999999  0.03035380  10505.2978  34.5108736  3239.72009  
8.04999999  0.03035353  10505.2536  34.5100782  3239.69988  
8.05999999  0.03035327  10505.2097  34.5092867  3239.67980  
8.06999999  0.03035301  10505.1658  34.5084991  3239.65987  
8.07999999  0.03035275  10505.1220  34.5077154  3239.64008  
8.08999999  0.03035250  10505.0784  34.5069356  3239.62043  
8.09999999  0.03035224  10505.0349  34.5061597  3239.60091  
8.10999999  0.03035199  10504.9916  34.5053878  3239.58154  
8.11999999  0.03035174  10504.9484  34.5046199  3239.56231  
8.12999999  0.03035149  10504.9053  34.5038559  3239.54322  
8.13999999  0.03035125  10504.8623  34.5030959  3239.52427  
8.14999999  0.03035101  10504.8195  34.5023398  3239.50545  
8.15999999  0.03035076  10504.7768  34.5015878  3239.48678  
8.16999999  0.03035053  10504.7343  34.5008398  3239.46824  
8.17999999  0.03035029  10504.6919  34.5000957  3239.44985  
8.18999999  0.03035005  10504.6496  34.4993557  3239.43159  
8.19999999  0.03034982  10504.6075  34.4986198  3239.41347  
8.20999999  0.03034959  10504.5656  34.4978878  3239.39549  
8.21999999  0.03034936  10504.5238  34.4971599  3239.37764  
8.22999999  0.03034914  10504.4821  34.4964361  3239.35993  
8.23999999  0.03034891  10504.4406  34.4957163  3239.34236  
8.24999999  0.03034869  10504.3992  34.4950006  3239.32493  
8.25999999  0.03034847  10504.3580  34.4942889  3239.30763  
8.26999999  0.03034825  10504.3169  34.4935814  3239.29047  
8.27999999  0.03034804  10504.2760  34.4928779  3239.27344  
8.28999999  0.03034782  10504.2353  34.4921785  3239.25655  
8.29999999  0.03034761  10504.1947  34.4914831  3239.23980  
8.30999999  0.03034740  10504.1543  34.4907919  3239.22318  
8.31999999  0.03034719  10504.1140  34.4901047  3239.20669  
8.32999999  0.03034699  10504.0739  34.4894217  3239.19034  
8.33999999  0.03034678  10504.0339  34.4887427  3239.17412  
8.34999999  0.03034658  10503.9942  34.4880679  3239.15804  
8.35999999  0.03034638  10503.9545  34.4873972  3239.14209  
8.36999999  0.03034619  10503.9151  34.4867305  3239.12627  
8.37999999  0.03034599  10503.8758  34.4860680  3239.11058  
8.38999999  0.03034580  10503.8367  34.4854096  3239.09503  
8.39999999  0.03034560  10503.7977  34.4847553  3239.07960  
8.40999999  0.03034541  10503.7589  34.4841051  3239.06431  
8.41999999  0.03034523  10503.7203  34.4834590  3239.04915  
8.42999999  0.03034504  10503.6819  34.4828171  3239.03412  
8.43999999  0.03034486  10503.6436  34.4821792  3239.01922  
8.44999999  0.03034467  10503.6055  34.4815455  3239.00445  
8.45999999  0.03034449  10503.5676  34.4809158  3238.98981  
8.46999999  0.03034432  10503.5298  34.4802903  3238.97530  
8.47999999  0.03034414  10503.4922  34.4796689  3238.96092  
8.48999999  0.03034396  10503.4548  34.4790516  3238.94666  
8.49999999  0.03034379  10503.4176  34.4784384  3238.93254  
8.50999999  0.03034362  10503.3805  34.4778293  3238.91853  
8.51999999  0.03034345  10503.3437  34.4772243  3238.90466  
8.52999999  0.03034328  10503.3070  34.4766233  3238.89091  
8.53999999  0.03034312  10503.2704  34.4760265  3238.87729  
8.54999999  0.03034296  10503.2341  34.4754338  3238.86380  
8.55999999  0.03034279  10503.1979  34.4748451  3238.85043  
8.56999999  0.03034263  10503.1620  34.4742606  3238.83718  
8.57999999  0.03034248  10503.1262  34.4736801  3238.82406  
8.58999999  0.03034232  10503.0906  34.4731037  3238.81106  
8.59999999  0.03034217  10503.0551  34.4725313  3238.79818  
8.60999999  0.03034201  10503.0199  34.4719631  3238.78543  
8.61999999  0.03034186  10502.9848  34.4713988  3238.77280  
8.62999999  0.03034171  10502.9499  34.4708387  3238.76029  
8.63999999  0.03034156  10502.9152  34.4702825  3238.74790  
8.64999999  0.03034142  10502.8807  34.4697305  3238.73563  
8.65999999  0.03034127  10502.8464  34.4691824  3238.72349  
8.66999999  0.03034113  10502.8122  34.4686384  3238.71146  
8.67999999  0.03034099  10502.7783  34.4680984  3238.69955  
8.68999999  0.03034085  10502.7445  34.4675624  3238.68776  
8.69999999  0.03034072  10502.7109  34.4670305  3238.67609  
8.70999999  0.03034058  10502.6775  34.4665025  3238.66454  
8.71999999  0.03034045  10502.6443  34.4659785  3238.65310  
8.72999999  0.03034031  10502.6113  34.4654585  3238.64178  
8.73999999  0.03034018  10502.5785  34.4649425  3238.63058  
8.74999999  0.03034005  10502.5458  34.4644305  3238.61949  
8.75999999  0.03033993  10502.5133  34.4639224  3238.60852  
8.76999999  0.03033980  10502.4811  34.4634183  3238.59766  
8.77999999  0.03033968  10502.4490  34.4629181  3238.58692  
8.78999999  0.03033956  10502.4171  34.4624219  3238.57629  
8.79999999  0.03033943  10502.3854  34.4619296  3238.56578  
8.80999999  0.03033932  10502.3539  34.4614412  3238.55537  
8.81999999  0.03033920  10502.3225  34.4609567  3238.54508  
8.82999999  0.03033908  10502.2914  34.4604761  3238.53490  
8.83999999  0.03033897  10502.2604  34.4599995  3238.52483  
8.84999999  0.03033885  10502.2297  34.4595267  3238.51487  
8.85999999  0.03033874  10502.1991  34.4590577  3238.50502  
8.86999999  0.03033863  10502.1687  34.4585926  3238.49529  
8.87999999  0.03033852  10502.1385  34.4581314  3238.48566  
8.88999999  0.03033842  10502.1085  34.4576740  3238.47613  
8.89999999  0.03033831  10502.0787  34.4572205  3238.46672  
8.90999999  0.03033821  10502.0491  34.4567707  3238.45741  
8.91999999  0.03033811  10502.0196  34.4563248  3238.44821  
8.92999999  0.03033800  10501.9904  34.4558827  3238.43912  
8.93999999  0.03033790  10501.9613  34.4554443  3238.43013  
8.94999999  0.03033781  10501.9325  34.4550098  3238.42125  
8.95999999  0.03033771  10501.9038  34.4545789  3238.41247  
8.96999999  0.03033761  10501.8753  34.4541519  3238.40379  
8.97999999  0.03033752  10501.8470  34.4537286  3238.39522  
8.98999999  0.03033743  10501.8189  34.4533090  3238.38675  
8.99999999  0.03033734  10501.7910  34.4528931  3238.37838  
9.00999999  0.03033725  10501.7632  34.4524809  3238.37012  
9.01999999  0.03033716  10501.7357  34.4520724  3238.36195  
9.02999999  0.03033707  10501.7083  34.4516676  3238.35389  
9.03999999  0.03033699  10501.6812  34.4512664  3238.34593  
9.04999999  0.03033690  10501.6542  34.4508689  3238.33806  
9.05999999  0.03033682  10501.6274  34.4504751  3238.33030  
9.06999999  0.03033674  10501.6008  34.4500848  3238.32263  
9.07999999  0.03033666  10501.5744  34.4496982  3238.31506  
9.08999999  0.03033658  10501.5482  34.4493152  3238.30759  
9.09999999  0.03033650  10501.5221  34.4489358  3238.30022  
9.10999999  0.03033643  10501.4963  34.4485599  3238.29294  
9.11999999  0.03033635  10501.4706  34.4481876  3238.28575  
9.12999999  0.03033628  10501.4451  34.4478188  3238.27866  
9.13999999  0.03033621  10501.4198  34.4474536  3238.27167  
9.14999999  0.03033614  10501.3947  34.4470919  3238.26477  
9.15999999  0.03033607  10501.3698  34.4467337  3238.25796  
9.16999999  0.03033600  10501.3450  34.4463790  3238.25125  
9.17999999  0.03033593  10501.3205  34.4460277  3238.24462  
9.18999999  0.03033586  10501.2961  34.4456799  3238.23809  
9.19999999  0.03033580  10501.2719  34.4453356  3238.23165  
9.20999999  0.03033574  10501.2479  34.4449947  3238.22530  
9.21999999  0.03033567  10501.2241  34.4446572  3238.21904  
9.22999999  0.03033561  10501.2005  34.4443232  3238.21287  
9.23999999  0.03033555  10501.1770  34.4439925  3238.20679  
9.24999999  0.03033549  10501.1538  34.4436652  3238.20079  
9.25999999  0.03033544  10501.1307  34.4433412  3238.19489  
9.26999999  0.03033538  10501.1078  34.4430206  3238.18906  
9.27999999  0.03033532  10501.0850  34.4427033  3238.18333  
9.28999999  0.03033527  10501.0625  34.4423893  3238.17768  
9.29999999  0.03033522  10501.0401  34.4420787  3238.17212  
9.30999999  0.03033516  10501.0179  34.4417713  3238.16664  
9.31999999  0.03033511  10500.9959  34.4414672  3238.16125  
9.32999999  0.03033506  10500.9741  34.4411663  3238.15594  
9.33999999  0.03033501  10500.9525  34.4408687  3238.15071  
9.34999999  0.03033497  10500.9310  34.4405743  3238.14556  
9.35999999  0.03033492  10500.9097  34.4402831  3238.14050  
9.36999999  0.03033488  10500.8886  34.4399951  3238.13552  
9.37999999  0.03033483  10500.8677  34.4397103  3238.13062  
9.38999999  0.03033479  10500.8469  34.4394286  3238.12580  
9.39999999  0.03033475  10500.8263  34.4391501  3238.12105  
9.40999999  0.03033470  10500.8059  34.4388747  3238.11639  
9.41999999  0.03033466  10500.7857  34.4386024  3238.11181  
9.42999999  0.03033462  10500.7656  34.4383333  3238.10730  
9.43999999  0.03033459  10500.7457  34.4380672  3238.10287  
9.44999999  0.03033455  10500.7260  34.4378041  3238.09852  
9.45999999  0.03033451  10500.7064  34.4375442  3238.09424  
9.46999999  0.03033448  10500.6871  34.4372872  3238.09004  
9.47999999  0.03033444  10500.6679  34.4370333  3238.08591  
9.48999999  0.03033441  10500.6488  34.4367824  3238.08186  
9.49999999  0.03033438  10500.6300  34.4365344  3238.07789  
9.50999999  0.03033435  10500.6113  34.4362894  3238.07398  
9.51999999  0.03033431  10500.5928  34.4360474  3238.07015  
9.52999999  0.03033429  10500.5744  34.4358083  3238.06639  
9.53999999  0.03033426  10500.5562  34.4355722  3238.06270  
9.54999999  0.03033423  10500.5382  34.4353389  3238.05909  
9.55999999  0.03033420  10500.5203  34.4351086  3238.05554  
9.56999999  0.03033418  10500.5027  34.4348811  3238.05207  
9.57999999  0.03033415  10500.4851  34.4346564  3238.04866  
9.58999999  0.03033413  10500.4678  34.4344346  3238.04533  
9.59999999  0.03033410  10500.4506  34.4342156  3238.04206  
9.60999999  0.03033408  10500.4336  34.4339995  3238.03886  
9.61999999  0.03033406  10500.4167  34.4337861  3238.03572  
9.62999999  0.03033404  10500.4000  34.4335755  3238.03266  
9.63999999  0.03033402  10500.3835  34.4333676  3238.02966  
9.64999999  0.03033400  10500.3671  34.4331625  3238.02672  
9.65999999  0.03033398  10500.3509  34.4329601  3238.02385  
9.66999999  0.03033396  10500.3348  34.4327605  3238.02105  
9.67999999  0.03033395  10500.3189  34.4325635  3238.01831  
9.68999999  0.03033393  10500.3031  34.4323692  3238.01563  
9.69999999  0.03033391  10500.2876  34.4321775  3238.01302  
9.70999999  0.03033390  10500.2721  34.4319885  3238.01047  
9.71999999  0.03033389  10500.2569  34.4318021  3238.00798  
9.72999999  0.03033387  10500.2417  34.4316184  3238.00555  
9.73999999  0.03033386  10500.2268  34.4314372  3238.00318  
9.74999999  0.03033385  10500.2120  34.4312586  3238.00088  
9.75999999  0.03033384  10500.1973  34.4310825  3237.99863  
9.76999999  0.03033383  10500.1828  34.4309090  3237.99644  
9.77999999  0.03033382  10500.1685  34.4307381  3237.99431  
9.78999999  0.03033381  10500.1543  34.4305696  3237.99224  
9.79999999  0.03033380  10500.1402  34.4304036  3237.99023  
9.80999999  0.03033380  10500.1263  34.4302401  3237.98828  
9.81999999  0.03033379  10500.1126  34.4300791  3237.98638  
9.82999999  0.03033379  10500.0990  34.4299205  3237.98454  
9.83999999  0.03033378  10500.0855  34.4297643  3237.98275  
9.84999999  0.03033378  10500.0722  34.4296106  3237.98102  
9.85999999  0.03033377  10500.0591  34.4294592  3237.97934  
9.86999999  0.03033377  10500.0461  34.4293102  3237.97772  
9.87999999  0.03033377  10500.0332  34.4291636  3237.97615  
9.88999999  0.03033377  10500.0205  34.4290194  3237.97464  
9.89999999  0.03033377  10500.0079  34.4288774  3237.97318  
9.90999999  0.03033376  10499.9955  34.4287378  3237.97177  
9.91999999  0.03033376  10499.9832  34.4286005  3237.97041  
9.92999999  0.03033377  10499.9710  34.4284654  3237.96910  
9.93999999  0.03033377  10499.9590  34.4283326  3237.96785  
9.94999999  0.03033377  10499.9471  34.4282021  3237.96664  
9.95999999  0.03033377  10499.9354  34.4280738  3237.96549  
9.96999999  0.03033378  10499.9238  34.4279477  3237.96438  
9.97999999  0.03033378  10499.9123  34.4278238  3237.96332  
9.98999999  0.03033378  10499.9010  34.4277021  3237.96231  
9.99999999  0.03033379  10499.8898  34.4275826  3237.96135  
10.0099999  0.03033379  10499.8788  34.4274652  3237.96044  
