time =  0.0
Ports*************

Electric Ports
R EPi (49.53311179386162+43.40041102539186j) (-0.10538959956140771-0.09234130005402523j)
R EPo 0j (0.10538959956140771+0.09234130005402523j)
C1 EPi (120+0j) (-0.07689937661624377-0.12485733768669198j)
C1 EPo (49.53311179386162+43.40041102539186j) (0.07689937661624377+0.12485733768669198j)
I EPi (49.53311179386162+43.40041102539186j) (0.028490222945163943-0.03251603763266674j)
I EPo (57.50097910001116+50.38177568347753j) (-0.028490222945163943+0.03251603763266674j)
C2 EPi (57.50097910001116+50.38177568347753j) (0.028490222945163936-0.03251603763266675j)
C2 EPo 0j (-0.028490222945163936+0.03251603763266675j)
S1 C1_EPi (120+0j) (-0.07689937661624377-0.12485733768669198j)
E1 C1_EPo (49.53311179386162+43.40041102539186j) (0.07689937661624377+0.12485733768669198j)
E1 I_EPi (49.53311179386162+43.40041102539186j) (0.028490222945163943-0.03251603763266674j)
E1 R_EPi (49.53311179386162+43.40041102539186j) (-0.10538959956140771-0.09234130005402523j)
E2 I_EPo (57.50097910001116+50.38177568347753j) (-0.028490222945163943+0.03251603763266674j)
E2 C2_EPi (57.50097910001116+50.38177568347753j) (0.028490222945163936-0.03251603763266675j)
S2 C2_EPo 0j (-0.028490222945163936+0.03251603763266675j)
S2 R_EPo 0j (0.10538959956140771+0.09234130005402523j)

Fluid Ports

Mech Ports

Elements***********

R Resistor
     dV (49.53311179386162+43.40041102539186j) volts Voltage drop
     I (0.10538959956140771+0.09234130005402523j) amps Current
     R 470.0 ohms Resistance
     Z (470+0j) ohms Impedance
C1 Capacitor
     C 4.7e-06 farad Capacitance
     dV (70.46688820613838-43.40041102539186j) volts Voltage
     I (0.07689937661624377+0.12485733768669198j) amps Current
     Z -564.379230822324j ohms Impedance
I Inductor
     dV (-7.967867306149536-6.981364658085667j) volts Voltage drop
     I (-0.028490222945163943+0.03251603763266674j) amps Current
     L 0.65 ohms Inductance
     Z 245.04422698000386j ohms Impedance
C2 Capacitor
     C 1.5e-06 farad Capacitance
     dV (57.50097910001116+50.38177568347753j) volts Voltage
     I (-0.028490222945163936+0.03251603763266675j) amps Current
     Z -1768.388256576615j ohms Impedance
S1 Node
     V (120+0j) volts Voltage
     Vi 0.0 volts Imaginary component of voltage
     Vr 120.0 volts Real component of voltage
     IinI 0.0 amps Imaginery component of I coming in
     IinR 0.0 amps Real component of I comping in
     IoutI 0.12485733768669198 amps Imaginary component of I going out
     IoutR 0.07689937661624377 amps Real component I going out
     Inet 0j amps Current
E1 Node
     V (49.53311179386162+43.40041102539186j) volts Voltage
     Vi 43.40041102539186 volts Imaginary component of voltage
     Vr 49.53311179386162 volts Real component of voltage
     IinI 0.12485733768669198 amps Imaginery component of I coming in
     IinR 0.10538959956140771 amps Real component of I comping in
     IoutI 0.12485733768669197 amps Imaginary component of I going out
     IoutR 0.10538959956140771 amps Real component I going out
     Inet 0j amps Current
E2 Node
     V (57.50097910001116+50.38177568347753j) volts Voltage
     Vi 50.38177568347753 volts Imaginary component of voltage
     Vr 57.50097910001116 volts Real component of voltage
     IinI 0.03251603763266674 amps Imaginery component of I coming in
     IinR 0.028490222945163936 amps Real component of I comping in
     IoutI 0.03251603763266675 amps Imaginary component of I going out
     IoutR 0.028490222945163943 amps Real component I going out
     Inet 0j amps Current
S2 Node
     V 0j volts Voltage
     Vi 0.0 volts Imaginary component of voltage
     Vr 0.0 volts Real component of voltage
     IinI 0.12485733768669198 amps Imaginery component of I coming in
     IinR 0.10538959956140771 amps Real component of I comping in
     IoutI 0.0 amps Imaginary component of I going out
     IoutR 0.028490222945163936 amps Real component I going out
     Inet 0j amps Current
time =  0.0
Ports*************

Electric Ports
R EPi (49.53311179386162+43.40041102539186j) (-0.10538959956140771-0.09234130005402523j)
R EPo 0j (0.10538959956140771+0.09234130005402523j)
C1 EPi (120+0j) (-0.07689937661624377-0.12485733768669198j)
C1 EPo (49.53311179386162+43.40041102539186j) (0.07689937661624377+0.12485733768669198j)
I EPi (49.53311179386162+43.40041102539186j) (0.028490222945163943-0.03251603763266674j)
I EPo (57.50097910001116+50.38177568347753j) (-0.028490222945163943+0.03251603763266674j)
C2 EPi (57.50097910001116+50.38177568347753j) (0.028490222945163936-0.03251603763266675j)
C2 EPo 0j (-0.028490222945163936+0.03251603763266675j)
S1 C1_EPi (120+0j) (-0.07689937661624377-0.12485733768669198j)
E1 C1_EPo (49.53311179386162+43.40041102539186j) (0.07689937661624377+0.12485733768669198j)
E1 I_EPi (49.53311179386162+43.40041102539186j) (0.028490222945163943-0.03251603763266674j)
E1 R_EPi (49.53311179386162+43.40041102539186j) (-0.10538959956140771-0.09234130005402523j)
E2 I_EPo (57.50097910001116+50.38177568347753j) (-0.028490222945163943+0.03251603763266674j)
E2 C2_EPi (57.50097910001116+50.38177568347753j) (0.028490222945163936-0.03251603763266675j)
S2 C2_EPo 0j (-0.028490222945163936+0.03251603763266675j)
S2 R_EPo 0j (0.10538959956140771+0.09234130005402523j)

Fluid Ports

Mech Ports

Elements***********

R Resistor
     dV (49.53311179386162+43.40041102539186j) volts Voltage drop
     I (0.10538959956140771+0.09234130005402523j) amps Current
     R 470.0 ohms Resistance
     Z (470+0j) ohms Impedance
C1 Capacitor
     C 4.7e-06 farad Capacitance
     dV (70.46688820613838-43.40041102539186j) volts Voltage
     I (0.07689937661624377+0.12485733768669198j) amps Current
     Z -564.379230822324j ohms Impedance
I Inductor
     dV (-7.967867306149536-6.981364658085667j) volts Voltage drop
     I (-0.028490222945163943+0.03251603763266674j) amps Current
     L 0.65 ohms Inductance
     Z 245.04422698000386j ohms Impedance
C2 Capacitor
     C 1.5e-06 farad Capacitance
     dV (57.50097910001116+50.38177568347753j) volts Voltage
     I (-0.028490222945163936+0.03251603763266675j) amps Current
     Z -1768.388256576615j ohms Impedance
S1 Node
     V (120+0j) volts Voltage
     Vi 0.0 volts Imaginary component of voltage
     Vr 120.0 volts Real component of voltage
     IinI 0.0 amps Imaginery component of I coming in
     IinR 0.0 amps Real component of I comping in
     IoutI 0.12485733768669198 amps Imaginary component of I going out
     IoutR 0.07689937661624377 amps Real component I going out
     Inet 0j amps Current
E1 Node
     V (49.53311179386162+43.40041102539186j) volts Voltage
     Vi 43.40041102539186 volts Imaginary component of voltage
     Vr 49.53311179386162 volts Real component of voltage
     IinI 0.12485733768669198 amps Imaginery component of I coming in
     IinR 0.10538959956140771 amps Real component of I comping in
     IoutI 0.12485733768669197 amps Imaginary component of I going out
     IoutR 0.10538959956140771 amps Real component I going out
     Inet 0j amps Current
E2 Node
     V (57.50097910001116+50.38177568347753j) volts Voltage
     Vi 50.38177568347753 volts Imaginary component of voltage
     Vr 57.50097910001116 volts Real component of voltage
     IinI 0.03251603763266674 amps Imaginery component of I coming in
     IinR 0.028490222945163936 amps Real component of I comping in
     IoutI 0.03251603763266675 amps Imaginary component of I going out
     IoutR 0.028490222945163943 amps Real component I going out
     Inet 0j amps Current
S2 Node
     V 0j volts Voltage
     Vi 0.0 volts Imaginary component of voltage
     Vr 0.0 volts Real component of voltage
     IinI 0.12485733768669198 amps Imaginery component of I coming in
     IinR 0.10538959956140771 amps Real component of I comping in
     IoutI 0.0 amps Imaginary component of I going out
     IoutR 0.028490222945163936 amps Real component I going out
     Inet 0j amps Current
