time =  0.0
Ports*************

Electric Ports

Fluid Ports
FSE        FNi         W:1000.0      Tt:399.9999    Pt:15.00003    FAR:0.0         MN:0.0         Ts:0.0         Ps:0.0       
FSE        FNo         W:1000.0      Tt:399.9999    Pt:15.0        FAR:0.0         MN:0.0         Ts:0.0         Ps:0.0       
Condesor   FNi         W:1000.0      Tt:399.9999    Pt:15.0        FAR:0.0         MN:0.0         Ts:0.0         Ps:0.0       
Condesor   FNo         W:1000.0      Tt:400.2879    Pt:14.25       FAR:0.0         MN:0.0         Ts:0.0         Ps:0.0       
Valve      FNi         W:1000.0      Tt:400.2879    Pt:14.25       FAR:0.0         MN:0.0         Ts:0.0         Ps:0.0       
Valve      FNo         W:1000.0      Tt:400.3103    Pt:8.549999    FAR:0.0         MN:0.0         Ts:0.0         Ps:0.0       
Evap       FNi         W:1000.0      Tt:400.3103    Pt:8.549999    FAR:0.0         MN:0.0         Ts:0.0         Ps:0.0       
Evap       FNo         W:1000.0      Tt:399.9734    Pt:8.122499    FAR:0.0         MN:0.0         Ts:0.0         Ps:0.0       
Comp       FNi         W:1000.0      Tt:399.9734    Pt:8.122499    FAR:0.0         MN:0.0         Ts:0.0         Ps:0.0       
Comp       FNideal     W:1000.0      Tt:399.9941    Pt:15.00003    FAR:0.0         MN:0.0         Ts:0.0         Ps:0.0       
Comp       FNo         W:1000.0      Tt:399.9999    Pt:15.00003    FAR:0.0         MN:0.0         Ts:0.0         Ps:0.0       
Comp       FNoBld1     W:0.0         Tt:399.9734    Pt:8.122499    FAR:0.0         MN:0.0         Ts:0.0         Ps:0.0       
Comp       FNoBld2     W:0.0         Tt:399.9734    Pt:8.122499    FAR:0.0         MN:0.0         Ts:0.0         Ps:0.0       

Mech Ports
Comp       MP          N:6000.0      hp:-22.3604    I:0.0       

Elements***********

FSE FlowStart
  Pt         15.0     lbm/in2  Pressure
  ht         57.84805 Btu/lbm  Specfic enthalpy
  W          1000.0   lbm/sec  Weight flow
Condesor Duct
  dP         0.05     none     Pressure loss (fractional)
  Q          84.19242 BTU      Heat added to the duct
Valve Duct
  dP         0.4      none     Pressure loss (fractional)
  Q          0.0      BTU      Heat added to the duct
Evap Duct
  dP         0.05     none     Pressure loss (fractional)
  Q          -100.0   BTU      Heat added to the duct
Comp Compressor
  eff        0.89     none     Efficiency
  effDes     0.89     none     Design efficiency
  effMap     0.943333 none     Efficiency read from table
  effScale   0.943462 none     Scalar on efficiency map
  hfract1    0.0      BTU/lbm  Enthalpy fraction that determines how down the compressor the bleed is taken
  hfract2    0.0      BTU/lbm  Enthalpy fraction that determines how down the compressor the bleed is taken
  Nc         300.0099 RPM/R**.5 Corrected speed
  NcMap      0.9      RPM/R**.5 Corrected speed used to read the map
  NcMapDes   0.9      RPM/R**.5 Design point corrected speed
  NcScale    0.002999 none     Scalar on corrected speed
  PR         1.846726 none     Pressure ratio
  PRdes      1.846726 none     Design pressure ratio
  PRmap      13.32733 none     Pressure ratio read from table
  PRscale    0.138566 none     Scalar on pressure ratio map
  Rline      2.0      none     Current R-line
  RlineDes   2.0      none     Design point R-line
  SMN        0.0      none     stall margin based on corrected speed
  Wc         2462.214 lbm/sec  Corrected flow
  WcDes      2462.214 lbm/sec  Design corrected flow
  WcMap      2462.214 lbm/sec  Map corrected flow
  WcScale    41.02756 none     Scalar on corrected flow
  Wfrac1     0.0      none     Weight flow fraction for bleed flow 1
  Wfrac2     0.0      none     Weight flow fraction for bleed flow 2
